scripts/seed-mock-data.ts(2,20): error TS2307: Cannot find module 'dotenv' or its corresponding type declarations.
src/app/(dashboard)/profile/certificates/page.tsx(22,36): error TS2322: Type '{ id: any; project_code: any; standard: any; certificate_number: any; issue_date: any; expiry_date: any; certification_scope: any; status: any; application: { product_name: any; model_type: any; }[]; }[]' is not assignable to type 'Certificate[]'.
  Type '{ id: any; project_code: any; standard: any; certificate_number: any; issue_date: any; expiry_date: any; certification_scope: any; status: any; application: { product_name: any; model_type: any; }[]; }' is not assignable to type 'Certificate'.
    Types of property 'application' are incompatible.
      Type '{ product_name: any; model_type: any; }[]' is missing the following properties from type '{ product_name: string; model_type: string; }': product_name, model_type
src/components/audit/application-form.tsx(119,9): error TS2322: Type 'Resolver<{ companyInfo: { nameVn: string; taxId: string; address: string; repName: string; repPosition: string; repPhone: string; repEmail: string; contactName: string; contactPhone: string; contactEmail: string; ... 8 more ...; shifts?: { ...; } | undefined; }; ... 8 more ...; status?: "draft" | ... 1 more ... | un...' is not assignable to type 'Resolver<{ companyInfo: { nameVn: string; taxId: string; address: string; repName: string; repPosition: string; repPhone: string; repEmail: string; contactName: string; contactPhone: string; contactEmail: string; ... 8 more ...; shifts?: { ...; } | undefined; }; ... 8 more ...; attachments?: { ...; }[] | undefined; ...'.
  Types of parameters 'options' and 'options' are incompatible.
    Type 'ResolverOptions<{ companyInfo: { nameVn: string; taxId: string; address: string; repName: string; repPosition: string; repPhone: string; repEmail: string; contactName: string; contactPhone: string; contactEmail: string; ... 8 more ...; shifts?: { ...; } | undefined; }; ... 8 more ...; attachments?: { ...; }[] | unde...' is not assignable to type 'ResolverOptions<{ companyInfo: { nameVn: string; taxId: string; address: string; repName: string; repPosition: string; repPhone: string; repEmail: string; contactName: string; contactPhone: string; contactEmail: string; ... 8 more ...; shifts?: { ...; } | undefined; }; ... 8 more ...; status?: "draft" | ... 1 more ....'.
      Type 'unknown' is not assignable to type 'number'.
src/components/audit/application-form.tsx(172,27): error TS2345: Argument of type '(data: { companyInfo: { nameVn: string; taxId: string; address: string; repName: string; repPosition: string; repPhone: string; repEmail: string; contactName: string; contactPhone: string; contactEmail: string; ... 8 more ...; shifts?: { ...; } | undefined; }; ... 8 more ...; attachments?: { ...; }[] | undefined; })...' is not assignable to parameter of type 'SubmitHandler<TFieldValues>'.
  Types of parameters 'data' and 'data' are incompatible.
    Type 'TFieldValues' is not assignable to type '{ companyInfo: { nameVn: string; taxId: string; address: string; repName: string; repPosition: string; repPhone: string; repEmail: string; contactName: string; contactPhone: string; contactEmail: string; ... 8 more ...; shifts?: { ...; } | undefined; }; ... 8 more ...; attachments?: { ...; }[] | undefined; }'.
      Type 'FieldValues' is missing the following properties from type '{ companyInfo: { nameVn: string; taxId: string; address: string; repName: string; repPosition: string; repPhone: string; repEmail: string; contactName: string; contactPhone: string; contactEmail: string; ... 8 more ...; shifts?: { ...; } | undefined; }; ... 8 more ...; attachments?: { ...; }[] | undefined; }': companyInfo, products, hasOutsourcedProcess, hasOtherSystems, status
src/components/audit/application-form.tsx(177,27): error TS2345: Argument of type '(data: { companyInfo: { nameVn: string; taxId: string; address: string; repName: string; repPosition: string; repPhone: string; repEmail: string; contactName: string; contactPhone: string; contactEmail: string; ... 8 more ...; shifts?: { ...; } | undefined; }; ... 8 more ...; attachments?: { ...; }[] | undefined; })...' is not assignable to parameter of type 'SubmitHandler<TFieldValues>'.
  Types of parameters 'data' and 'data' are incompatible.
    Type 'TFieldValues' is not assignable to type '{ companyInfo: { nameVn: string; taxId: string; address: string; repName: string; repPosition: string; repPhone: string; repEmail: string; contactName: string; contactPhone: string; contactEmail: string; ... 8 more ...; shifts?: { ...; } | undefined; }; ... 8 more ...; attachments?: { ...; }[] | undefined; }'.
      Type 'FieldValues' is missing the following properties from type '{ companyInfo: { nameVn: string; taxId: string; address: string; repName: string; repPosition: string; repPhone: string; repEmail: string; contactName: string; contactPhone: string; contactEmail: string; ... 8 more ...; shifts?: { ...; } | undefined; }; ... 8 more ...; attachments?: { ...; }[] | undefined; }': companyInfo, products, hasOutsourcedProcess, hasOtherSystems, status
src/components/audit/application-form.tsx(201,44): error TS2719: Type 'import("C:/Users/Admin/.gemini/antigravity/playground/triple-disk/pgl-audit-system/node_modules/react-hook-form/dist/types/form").Control<{ companyInfo: { nameVn: string; taxId: string; address: string; repName: string; repPosition: string; repPhone: string; repEmail: string; contactName: string; contactPhone: strin...' is not assignable to type 'import("C:/Users/Admin/.gemini/antigravity/playground/triple-disk/pgl-audit-system/node_modules/react-hook-form/dist/types/form").Control<{ companyInfo: { nameVn: string; taxId: string; address: string; repName: string; repPosition: string; repPhone: string; repEmail: string; contactName: string; contactPhone: strin...'. Two different types with this name exist, but they are unrelated.
  The types of '_options.resolver' are incompatible between these types.
    Type 'import("C:/Users/Admin/.gemini/antigravity/playground/triple-disk/pgl-audit-system/node_modules/react-hook-form/dist/types/resolvers").Resolver<{ companyInfo: { nameVn: string; taxId: string; address: string; repName: string; repPosition: string; repPhone: string; repEmail: string; contactName: string; contactPhone:...' is not assignable to type 'import("C:/Users/Admin/.gemini/antigravity/playground/triple-disk/pgl-audit-system/node_modules/react-hook-form/dist/types/resolvers").Resolver<{ companyInfo: { nameVn: string; taxId: string; address: string; repName: string; repPosition: string; repPhone: string; repEmail: string; contactName: string; contactPhone:...'. Two different types with this name exist, but they are unrelated.
      Type 'import("C:/Users/Admin/.gemini/antigravity/playground/triple-disk/pgl-audit-system/node_modules/react-hook-form/dist/types/resolvers").Resolver<{ companyInfo: { nameVn: string; taxId: string; address: string; repName: string; repPosition: string; repPhone: string; repEmail: string; contactName: string; contactPhone:...' is not assignable to type 'import("C:/Users/Admin/.gemini/antigravity/playground/triple-disk/pgl-audit-system/node_modules/react-hook-form/dist/types/resolvers").Resolver<{ companyInfo: { nameVn: string; taxId: string; address: string; repName: string; repPosition: string; repPhone: string; repEmail: string; contactName: string; contactPhone:...'. Two different types with this name exist, but they are unrelated.
        Type 'import("C:/Users/Admin/.gemini/antigravity/playground/triple-disk/pgl-audit-system/node_modules/react-hook-form/dist/types/resolvers").ResolverResult<{ companyInfo: { nameVn: string; taxId: string; address: string; repName: string; repPosition: string; repPhone: string; repEmail: string; contactName: string; contact...' is not assignable to type 'import("C:/Users/Admin/.gemini/antigravity/playground/triple-disk/pgl-audit-system/node_modules/react-hook-form/dist/types/resolvers").ResolverResult<{ companyInfo: { nameVn: string; taxId: string; address: string; repName: string; repPosition: string; repPhone: string; repEmail: string; contactName: string; contact...'. Two different types with this name exist, but they are unrelated.
          Type 'ResolverSuccess<TFieldValues>' is not assignable to type 'ResolverResult<{ companyInfo: { nameVn: string; taxId: string; address: string; repName: string; repPosition: string; repPhone: string; repEmail: string; contactName: string; contactPhone: string; contactEmail: string; ... 8 more ...; shifts?: { ...; } | undefined; }; ... 8 more ...; attachments?: { ...; }[] | undef...'.
            Type 'ResolverSuccess<TFieldValues>' is not assignable to type 'ResolverSuccess<{ companyInfo: { nameVn: string; taxId: string; address: string; repName: string; repPosition: string; repPhone: string; repEmail: string; contactName: string; contactPhone: string; contactEmail: string; ... 8 more ...; shifts?: { ...; } | undefined; }; ... 8 more ...; attachments?: { ...; }[] | unde...'.
              Type 'TFieldValues' is not assignable to type '{ companyInfo: { nameVn: string; taxId: string; address: string; repName: string; repPosition: string; repPhone: string; repEmail: string; contactName: string; contactPhone: string; contactEmail: string; ... 8 more ...; shifts?: { ...; } | undefined; }; ... 8 more ...; attachments?: { ...; }[] | undefined; }'.
                Type 'FieldValues' is missing the following properties from type '{ companyInfo: { nameVn: string; taxId: string; address: string; repName: string; repPosition: string; repPhone: string; repEmail: string; contactName: string; contactPhone: string; contactEmail: string; ... 8 more ...; shifts?: { ...; } | undefined; }; ... 8 more ...; attachments?: { ...; }[] | undefined; }': companyInfo, products, hasOutsourcedProcess, hasOtherSystems, status
src/components/audit/application-form.tsx(208,44): error TS2719: Type 'import("C:/Users/Admin/.gemini/antigravity/playground/triple-disk/pgl-audit-system/node_modules/react-hook-form/dist/types/form").Control<{ companyInfo: { nameVn: string; taxId: string; address: string; repName: string; repPosition: string; repPhone: string; repEmail: string; contactName: string; contactPhone: strin...' is not assignable to type 'import("C:/Users/Admin/.gemini/antigravity/playground/triple-disk/pgl-audit-system/node_modules/react-hook-form/dist/types/form").Control<{ companyInfo: { nameVn: string; taxId: string; address: string; repName: string; repPosition: string; repPhone: string; repEmail: string; contactName: string; contactPhone: strin...'. Two different types with this name exist, but they are unrelated.
  The types of '_options.resolver' are incompatible between these types.
    Type 'import("C:/Users/Admin/.gemini/antigravity/playground/triple-disk/pgl-audit-system/node_modules/react-hook-form/dist/types/resolvers").Resolver<{ companyInfo: { nameVn: string; taxId: string; address: string; repName: string; repPosition: string; repPhone: string; repEmail: string; contactName: string; contactPhone:...' is not assignable to type 'import("C:/Users/Admin/.gemini/antigravity/playground/triple-disk/pgl-audit-system/node_modules/react-hook-form/dist/types/resolvers").Resolver<{ companyInfo: { nameVn: string; taxId: string; address: string; repName: string; repPosition: string; repPhone: string; repEmail: string; contactName: string; contactPhone:...'. Two different types with this name exist, but they are unrelated.
      Type 'import("C:/Users/Admin/.gemini/antigravity/playground/triple-disk/pgl-audit-system/node_modules/react-hook-form/dist/types/resolvers").Resolver<{ companyInfo: { nameVn: string; taxId: string; address: string; repName: string; repPosition: string; repPhone: string; repEmail: string; contactName: string; contactPhone:...' is not assignable to type 'import("C:/Users/Admin/.gemini/antigravity/playground/triple-disk/pgl-audit-system/node_modules/react-hook-form/dist/types/resolvers").Resolver<{ companyInfo: { nameVn: string; taxId: string; address: string; repName: string; repPosition: string; repPhone: string; repEmail: string; contactName: string; contactPhone:...'. Two different types with this name exist, but they are unrelated.
        Type 'import("C:/Users/Admin/.gemini/antigravity/playground/triple-disk/pgl-audit-system/node_modules/react-hook-form/dist/types/resolvers").ResolverResult<{ companyInfo: { nameVn: string; taxId: string; address: string; repName: string; repPosition: string; repPhone: string; repEmail: string; contactName: string; contact...' is not assignable to type 'import("C:/Users/Admin/.gemini/antigravity/playground/triple-disk/pgl-audit-system/node_modules/react-hook-form/dist/types/resolvers").ResolverResult<{ companyInfo: { nameVn: string; taxId: string; address: string; repName: string; repPosition: string; repPhone: string; repEmail: string; contactName: string; contact...'. Two different types with this name exist, but they are unrelated.
          Type 'ResolverSuccess<TFieldValues>' is not assignable to type 'ResolverResult<{ companyInfo: { nameVn: string; taxId: string; address: string; repName: string; repPosition: string; repPhone: string; repEmail: string; contactName: string; contactPhone: string; contactEmail: string; ... 8 more ...; shifts?: { ...; } | undefined; }; ... 8 more ...; attachments?: { ...; }[] | undef...'.
            Type 'ResolverSuccess<TFieldValues>' is not assignable to type 'ResolverSuccess<{ companyInfo: { nameVn: string; taxId: string; address: string; repName: string; repPosition: string; repPhone: string; repEmail: string; contactName: string; contactPhone: string; contactEmail: string; ... 8 more ...; shifts?: { ...; } | undefined; }; ... 8 more ...; attachments?: { ...; }[] | unde...'.
              Type 'TFieldValues' is not assignable to type '{ companyInfo: { nameVn: string; taxId: string; address: string; repName: string; repPosition: string; repPhone: string; repEmail: string; contactName: string; contactPhone: string; contactEmail: string; ... 8 more ...; shifts?: { ...; } | undefined; }; ... 8 more ...; attachments?: { ...; }[] | undefined; }'.
                Type 'FieldValues' is missing the following properties from type '{ companyInfo: { nameVn: string; taxId: string; address: string; repName: string; repPosition: string; repPhone: string; repEmail: string; contactName: string; contactPhone: string; contactEmail: string; ... 8 more ...; shifts?: { ...; } | undefined; }; ... 8 more ...; attachments?: { ...; }[] | undefined; }': companyInfo, products, hasOutsourcedProcess, hasOtherSystems, status
src/components/audit/application-form.tsx(215,44): error TS2719: Type 'import("C:/Users/Admin/.gemini/antigravity/playground/triple-disk/pgl-audit-system/node_modules/react-hook-form/dist/types/form").Control<{ companyInfo: { nameVn: string; taxId: string; address: string; repName: string; repPosition: string; repPhone: string; repEmail: string; contactName: string; contactPhone: strin...' is not assignable to type 'import("C:/Users/Admin/.gemini/antigravity/playground/triple-disk/pgl-audit-system/node_modules/react-hook-form/dist/types/form").Control<{ companyInfo: { nameVn: string; taxId: string; address: string; repName: string; repPosition: string; repPhone: string; repEmail: string; contactName: string; contactPhone: strin...'. Two different types with this name exist, but they are unrelated.
  The types of '_options.resolver' are incompatible between these types.
    Type 'import("C:/Users/Admin/.gemini/antigravity/playground/triple-disk/pgl-audit-system/node_modules/react-hook-form/dist/types/resolvers").Resolver<{ companyInfo: { nameVn: string; taxId: string; address: string; repName: string; repPosition: string; repPhone: string; repEmail: string; contactName: string; contactPhone:...' is not assignable to type 'import("C:/Users/Admin/.gemini/antigravity/playground/triple-disk/pgl-audit-system/node_modules/react-hook-form/dist/types/resolvers").Resolver<{ companyInfo: { nameVn: string; taxId: string; address: string; repName: string; repPosition: string; repPhone: string; repEmail: string; contactName: string; contactPhone:...'. Two different types with this name exist, but they are unrelated.
      Type 'import("C:/Users/Admin/.gemini/antigravity/playground/triple-disk/pgl-audit-system/node_modules/react-hook-form/dist/types/resolvers").Resolver<{ companyInfo: { nameVn: string; taxId: string; address: string; repName: string; repPosition: string; repPhone: string; repEmail: string; contactName: string; contactPhone:...' is not assignable to type 'import("C:/Users/Admin/.gemini/antigravity/playground/triple-disk/pgl-audit-system/node_modules/react-hook-form/dist/types/resolvers").Resolver<{ companyInfo: { nameVn: string; taxId: string; address: string; repName: string; repPosition: string; repPhone: string; repEmail: string; contactName: string; contactPhone:...'. Two different types with this name exist, but they are unrelated.
        Type 'import("C:/Users/Admin/.gemini/antigravity/playground/triple-disk/pgl-audit-system/node_modules/react-hook-form/dist/types/resolvers").ResolverResult<{ companyInfo: { nameVn: string; taxId: string; address: string; repName: string; repPosition: string; repPhone: string; repEmail: string; contactName: string; contact...' is not assignable to type 'import("C:/Users/Admin/.gemini/antigravity/playground/triple-disk/pgl-audit-system/node_modules/react-hook-form/dist/types/resolvers").ResolverResult<{ companyInfo: { nameVn: string; taxId: string; address: string; repName: string; repPosition: string; repPhone: string; repEmail: string; contactName: string; contact...'. Two different types with this name exist, but they are unrelated.
          Type 'ResolverSuccess<TFieldValues>' is not assignable to type 'ResolverResult<{ companyInfo: { nameVn: string; taxId: string; address: string; repName: string; repPosition: string; repPhone: string; repEmail: string; contactName: string; contactPhone: string; contactEmail: string; ... 8 more ...; shifts?: { ...; } | undefined; }; ... 8 more ...; attachments?: { ...; }[] | undef...'.
            Type 'ResolverSuccess<TFieldValues>' is not assignable to type 'ResolverSuccess<{ companyInfo: { nameVn: string; taxId: string; address: string; repName: string; repPosition: string; repPhone: string; repEmail: string; contactName: string; contactPhone: string; contactEmail: string; ... 8 more ...; shifts?: { ...; } | undefined; }; ... 8 more ...; attachments?: { ...; }[] | unde...'.
              Type 'TFieldValues' is not assignable to type '{ companyInfo: { nameVn: string; taxId: string; address: string; repName: string; repPosition: string; repPhone: string; repEmail: string; contactName: string; contactPhone: string; contactEmail: string; ... 8 more ...; shifts?: { ...; } | undefined; }; ... 8 more ...; attachments?: { ...; }[] | undefined; }'.
                Type 'FieldValues' is missing the following properties from type '{ companyInfo: { nameVn: string; taxId: string; address: string; repName: string; repPosition: string; repPhone: string; repEmail: string; contactName: string; contactPhone: string; contactEmail: string; ... 8 more ...; shifts?: { ...; } | undefined; }; ... 8 more ...; attachments?: { ...; }[] | undefined; }': companyInfo, products, hasOutsourcedProcess, hasOtherSystems, status
src/components/audit/application-form.tsx(222,44): error TS2719: Type 'import("C:/Users/Admin/.gemini/antigravity/playground/triple-disk/pgl-audit-system/node_modules/react-hook-form/dist/types/form").Control<{ companyInfo: { nameVn: string; taxId: string; address: string; repName: string; repPosition: string; repPhone: string; repEmail: string; contactName: string; contactPhone: strin...' is not assignable to type 'import("C:/Users/Admin/.gemini/antigravity/playground/triple-disk/pgl-audit-system/node_modules/react-hook-form/dist/types/form").Control<{ companyInfo: { nameVn: string; taxId: string; address: string; repName: string; repPosition: string; repPhone: string; repEmail: string; contactName: string; contactPhone: strin...'. Two different types with this name exist, but they are unrelated.
  The types of '_options.resolver' are incompatible between these types.
    Type 'import("C:/Users/Admin/.gemini/antigravity/playground/triple-disk/pgl-audit-system/node_modules/react-hook-form/dist/types/resolvers").Resolver<{ companyInfo: { nameVn: string; taxId: string; address: string; repName: string; repPosition: string; repPhone: string; repEmail: string; contactName: string; contactPhone:...' is not assignable to type 'import("C:/Users/Admin/.gemini/antigravity/playground/triple-disk/pgl-audit-system/node_modules/react-hook-form/dist/types/resolvers").Resolver<{ companyInfo: { nameVn: string; taxId: string; address: string; repName: string; repPosition: string; repPhone: string; repEmail: string; contactName: string; contactPhone:...'. Two different types with this name exist, but they are unrelated.
      Type 'import("C:/Users/Admin/.gemini/antigravity/playground/triple-disk/pgl-audit-system/node_modules/react-hook-form/dist/types/resolvers").Resolver<{ companyInfo: { nameVn: string; taxId: string; address: string; repName: string; repPosition: string; repPhone: string; repEmail: string; contactName: string; contactPhone:...' is not assignable to type 'import("C:/Users/Admin/.gemini/antigravity/playground/triple-disk/pgl-audit-system/node_modules/react-hook-form/dist/types/resolvers").Resolver<{ companyInfo: { nameVn: string; taxId: string; address: string; repName: string; repPosition: string; repPhone: string; repEmail: string; contactName: string; contactPhone:...'. Two different types with this name exist, but they are unrelated.
        Type 'import("C:/Users/Admin/.gemini/antigravity/playground/triple-disk/pgl-audit-system/node_modules/react-hook-form/dist/types/resolvers").ResolverResult<{ companyInfo: { nameVn: string; taxId: string; address: string; repName: string; repPosition: string; repPhone: string; repEmail: string; contactName: string; contact...' is not assignable to type 'import("C:/Users/Admin/.gemini/antigravity/playground/triple-disk/pgl-audit-system/node_modules/react-hook-form/dist/types/resolvers").ResolverResult<{ companyInfo: { nameVn: string; taxId: string; address: string; repName: string; repPosition: string; repPhone: string; repEmail: string; contactName: string; contact...'. Two different types with this name exist, but they are unrelated.
          Type 'ResolverSuccess<TFieldValues>' is not assignable to type 'ResolverResult<{ companyInfo: { nameVn: string; taxId: string; address: string; repName: string; repPosition: string; repPhone: string; repEmail: string; contactName: string; contactPhone: string; contactEmail: string; ... 8 more ...; shifts?: { ...; } | undefined; }; ... 8 more ...; attachments?: { ...; }[] | undef...'.
            Type 'ResolverSuccess<TFieldValues>' is not assignable to type 'ResolverSuccess<{ companyInfo: { nameVn: string; taxId: string; address: string; repName: string; repPosition: string; repPhone: string; repEmail: string; contactName: string; contactPhone: string; contactEmail: string; ... 8 more ...; shifts?: { ...; } | undefined; }; ... 8 more ...; attachments?: { ...; }[] | unde...'.
              Type 'TFieldValues' is not assignable to type '{ companyInfo: { nameVn: string; taxId: string; address: string; repName: string; repPosition: string; repPhone: string; repEmail: string; contactName: string; contactPhone: string; contactEmail: string; ... 8 more ...; shifts?: { ...; } | undefined; }; ... 8 more ...; attachments?: { ...; }[] | undefined; }'.
                Type 'FieldValues' is missing the following properties from type '{ companyInfo: { nameVn: string; taxId: string; address: string; repName: string; repPosition: string; repPhone: string; repEmail: string; contactName: string; contactPhone: string; contactEmail: string; ... 8 more ...; shifts?: { ...; } | undefined; }; ... 8 more ...; attachments?: { ...; }[] | undefined; }': companyInfo, products, hasOutsourcedProcess, hasOtherSystems, status
src/components/audit/application-form.tsx(229,44): error TS2719: Type 'import("C:/Users/Admin/.gemini/antigravity/playground/triple-disk/pgl-audit-system/node_modules/react-hook-form/dist/types/form").Control<{ companyInfo: { nameVn: string; taxId: string; address: string; repName: string; repPosition: string; repPhone: string; repEmail: string; contactName: string; contactPhone: strin...' is not assignable to type 'import("C:/Users/Admin/.gemini/antigravity/playground/triple-disk/pgl-audit-system/node_modules/react-hook-form/dist/types/form").Control<{ companyInfo: { nameVn: string; taxId: string; address: string; repName: string; repPosition: string; repPhone: string; repEmail: string; contactName: string; contactPhone: strin...'. Two different types with this name exist, but they are unrelated.
  The types of '_options.resolver' are incompatible between these types.
    Type 'import("C:/Users/Admin/.gemini/antigravity/playground/triple-disk/pgl-audit-system/node_modules/react-hook-form/dist/types/resolvers").Resolver<{ companyInfo: { nameVn: string; taxId: string; address: string; repName: string; repPosition: string; repPhone: string; repEmail: string; contactName: string; contactPhone:...' is not assignable to type 'import("C:/Users/Admin/.gemini/antigravity/playground/triple-disk/pgl-audit-system/node_modules/react-hook-form/dist/types/resolvers").Resolver<{ companyInfo: { nameVn: string; taxId: string; address: string; repName: string; repPosition: string; repPhone: string; repEmail: string; contactName: string; contactPhone:...'. Two different types with this name exist, but they are unrelated.
      Type 'import("C:/Users/Admin/.gemini/antigravity/playground/triple-disk/pgl-audit-system/node_modules/react-hook-form/dist/types/resolvers").Resolver<{ companyInfo: { nameVn: string; taxId: string; address: string; repName: string; repPosition: string; repPhone: string; repEmail: string; contactName: string; contactPhone:...' is not assignable to type 'import("C:/Users/Admin/.gemini/antigravity/playground/triple-disk/pgl-audit-system/node_modules/react-hook-form/dist/types/resolvers").Resolver<{ companyInfo: { nameVn: string; taxId: string; address: string; repName: string; repPosition: string; repPhone: string; repEmail: string; contactName: string; contactPhone:...'. Two different types with this name exist, but they are unrelated.
        Type 'import("C:/Users/Admin/.gemini/antigravity/playground/triple-disk/pgl-audit-system/node_modules/react-hook-form/dist/types/resolvers").ResolverResult<{ companyInfo: { nameVn: string; taxId: string; address: string; repName: string; repPosition: string; repPhone: string; repEmail: string; contactName: string; contact...' is not assignable to type 'import("C:/Users/Admin/.gemini/antigravity/playground/triple-disk/pgl-audit-system/node_modules/react-hook-form/dist/types/resolvers").ResolverResult<{ companyInfo: { nameVn: string; taxId: string; address: string; repName: string; repPosition: string; repPhone: string; repEmail: string; contactName: string; contact...'. Two different types with this name exist, but they are unrelated.
          Type 'ResolverSuccess<TFieldValues>' is not assignable to type 'ResolverResult<{ companyInfo: { nameVn: string; taxId: string; address: string; repName: string; repPosition: string; repPhone: string; repEmail: string; contactName: string; contactPhone: string; contactEmail: string; ... 8 more ...; shifts?: { ...; } | undefined; }; ... 8 more ...; attachments?: { ...; }[] | undef...'.
            Type 'ResolverSuccess<TFieldValues>' is not assignable to type 'ResolverSuccess<{ companyInfo: { nameVn: string; taxId: string; address: string; repName: string; repPosition: string; repPhone: string; repEmail: string; contactName: string; contactPhone: string; contactEmail: string; ... 8 more ...; shifts?: { ...; } | undefined; }; ... 8 more ...; attachments?: { ...; }[] | unde...'.
              Type 'TFieldValues' is not assignable to type '{ companyInfo: { nameVn: string; taxId: string; address: string; repName: string; repPosition: string; repPhone: string; repEmail: string; contactName: string; contactPhone: string; contactEmail: string; ... 8 more ...; shifts?: { ...; } | undefined; }; ... 8 more ...; attachments?: { ...; }[] | undefined; }'.
                Type 'FieldValues' is missing the following properties from type '{ companyInfo: { nameVn: string; taxId: string; address: string; repName: string; repPosition: string; repPhone: string; repEmail: string; contactName: string; contactPhone: string; contactEmail: string; ... 8 more ...; shifts?: { ...; } | undefined; }; ... 8 more ...; attachments?: { ...; }[] | undefined; }': companyInfo, products, hasOutsourcedProcess, hasOtherSystems, status
src/components/audit/application-form.tsx(243,49): error TS2719: Type 'import("C:/Users/Admin/.gemini/antigravity/playground/triple-disk/pgl-audit-system/node_modules/react-hook-form/dist/types/form").Control<{ companyInfo: { nameVn: string; taxId: string; address: string; repName: string; repPosition: string; repPhone: string; repEmail: string; contactName: string; contactPhone: strin...' is not assignable to type 'import("C:/Users/Admin/.gemini/antigravity/playground/triple-disk/pgl-audit-system/node_modules/react-hook-form/dist/types/form").Control<{ companyInfo: { nameVn: string; taxId: string; address: string; repName: string; repPosition: string; repPhone: string; repEmail: string; contactName: string; contactPhone: strin...'. Two different types with this name exist, but they are unrelated.
  The types of '_options.resolver' are incompatible between these types.
    Type 'import("C:/Users/Admin/.gemini/antigravity/playground/triple-disk/pgl-audit-system/node_modules/react-hook-form/dist/types/resolvers").Resolver<{ companyInfo: { nameVn: string; taxId: string; address: string; repName: string; repPosition: string; repPhone: string; repEmail: string; contactName: string; contactPhone:...' is not assignable to type 'import("C:/Users/Admin/.gemini/antigravity/playground/triple-disk/pgl-audit-system/node_modules/react-hook-form/dist/types/resolvers").Resolver<{ companyInfo: { nameVn: string; taxId: string; address: string; repName: string; repPosition: string; repPhone: string; repEmail: string; contactName: string; contactPhone:...'. Two different types with this name exist, but they are unrelated.
      Type 'import("C:/Users/Admin/.gemini/antigravity/playground/triple-disk/pgl-audit-system/node_modules/react-hook-form/dist/types/resolvers").Resolver<{ companyInfo: { nameVn: string; taxId: string; address: string; repName: string; repPosition: string; repPhone: string; repEmail: string; contactName: string; contactPhone:...' is not assignable to type 'import("C:/Users/Admin/.gemini/antigravity/playground/triple-disk/pgl-audit-system/node_modules/react-hook-form/dist/types/resolvers").Resolver<{ companyInfo: { nameVn: string; taxId: string; address: string; repName: string; repPosition: string; repPhone: string; repEmail: string; contactName: string; contactPhone:...'. Two different types with this name exist, but they are unrelated.
        Type 'import("C:/Users/Admin/.gemini/antigravity/playground/triple-disk/pgl-audit-system/node_modules/react-hook-form/dist/types/resolvers").ResolverResult<{ companyInfo: { nameVn: string; taxId: string; address: string; repName: string; repPosition: string; repPhone: string; repEmail: string; contactName: string; contact...' is not assignable to type 'import("C:/Users/Admin/.gemini/antigravity/playground/triple-disk/pgl-audit-system/node_modules/react-hook-form/dist/types/resolvers").ResolverResult<{ companyInfo: { nameVn: string; taxId: string; address: string; repName: string; repPosition: string; repPhone: string; repEmail: string; contactName: string; contact...'. Two different types with this name exist, but they are unrelated.
          Type 'ResolverSuccess<TFieldValues>' is not assignable to type 'ResolverResult<{ companyInfo: { nameVn: string; taxId: string; address: string; repName: string; repPosition: string; repPhone: string; repEmail: string; contactName: string; contactPhone: string; contactEmail: string; ... 8 more ...; shifts?: { ...; } | undefined; }; ... 8 more ...; attachments?: { ...; }[] | undef...'.
            Type 'ResolverSuccess<TFieldValues>' is not assignable to type 'ResolverSuccess<{ companyInfo: { nameVn: string; taxId: string; address: string; repName: string; repPosition: string; repPhone: string; repEmail: string; contactName: string; contactPhone: string; contactEmail: string; ... 8 more ...; shifts?: { ...; } | undefined; }; ... 8 more ...; attachments?: { ...; }[] | unde...'.
              Type 'TFieldValues' is not assignable to type '{ companyInfo: { nameVn: string; taxId: string; address: string; repName: string; repPosition: string; repPhone: string; repEmail: string; contactName: string; contactPhone: string; contactEmail: string; ... 8 more ...; shifts?: { ...; } | undefined; }; ... 8 more ...; attachments?: { ...; }[] | undefined; }'.
                Type 'FieldValues' is missing the following properties from type '{ companyInfo: { nameVn: string; taxId: string; address: string; repName: string; repPosition: string; repPhone: string; repEmail: string; contactName: string; contactPhone: string; contactEmail: string; ... 8 more ...; shifts?: { ...; } | undefined; }; ... 8 more ...; attachments?: { ...; }[] | undefined; }': companyInfo, products, hasOutsourcedProcess, hasOtherSystems, status
src/components/audit/application-form.tsx(276,44): error TS2719: Type 'import("C:/Users/Admin/.gemini/antigravity/playground/triple-disk/pgl-audit-system/node_modules/react-hook-form/dist/types/form").Control<{ companyInfo: { nameVn: string; taxId: string; address: string; repName: string; repPosition: string; repPhone: string; repEmail: string; contactName: string; contactPhone: strin...' is not assignable to type 'import("C:/Users/Admin/.gemini/antigravity/playground/triple-disk/pgl-audit-system/node_modules/react-hook-form/dist/types/form").Control<{ companyInfo: { nameVn: string; taxId: string; address: string; repName: string; repPosition: string; repPhone: string; repEmail: string; contactName: string; contactPhone: strin...'. Two different types with this name exist, but they are unrelated.
  The types of '_options.resolver' are incompatible between these types.
    Type 'import("C:/Users/Admin/.gemini/antigravity/playground/triple-disk/pgl-audit-system/node_modules/react-hook-form/dist/types/resolvers").Resolver<{ companyInfo: { nameVn: string; taxId: string; address: string; repName: string; repPosition: string; repPhone: string; repEmail: string; contactName: string; contactPhone:...' is not assignable to type 'import("C:/Users/Admin/.gemini/antigravity/playground/triple-disk/pgl-audit-system/node_modules/react-hook-form/dist/types/resolvers").Resolver<{ companyInfo: { nameVn: string; taxId: string; address: string; repName: string; repPosition: string; repPhone: string; repEmail: string; contactName: string; contactPhone:...'. Two different types with this name exist, but they are unrelated.
      Type 'import("C:/Users/Admin/.gemini/antigravity/playground/triple-disk/pgl-audit-system/node_modules/react-hook-form/dist/types/resolvers").Resolver<{ companyInfo: { nameVn: string; taxId: string; address: string; repName: string; repPosition: string; repPhone: string; repEmail: string; contactName: string; contactPhone:...' is not assignable to type 'import("C:/Users/Admin/.gemini/antigravity/playground/triple-disk/pgl-audit-system/node_modules/react-hook-form/dist/types/resolvers").Resolver<{ companyInfo: { nameVn: string; taxId: string; address: string; repName: string; repPosition: string; repPhone: string; repEmail: string; contactName: string; contactPhone:...'. Two different types with this name exist, but they are unrelated.
        Type 'import("C:/Users/Admin/.gemini/antigravity/playground/triple-disk/pgl-audit-system/node_modules/react-hook-form/dist/types/resolvers").ResolverResult<{ companyInfo: { nameVn: string; taxId: string; address: string; repName: string; repPosition: string; repPhone: string; repEmail: string; contactName: string; contact...' is not assignable to type 'import("C:/Users/Admin/.gemini/antigravity/playground/triple-disk/pgl-audit-system/node_modules/react-hook-form/dist/types/resolvers").ResolverResult<{ companyInfo: { nameVn: string; taxId: string; address: string; repName: string; repPosition: string; repPhone: string; repEmail: string; contactName: string; contact...'. Two different types with this name exist, but they are unrelated.
          Type 'ResolverSuccess<TFieldValues>' is not assignable to type 'ResolverResult<{ companyInfo: { nameVn: string; taxId: string; address: string; repName: string; repPosition: string; repPhone: string; repEmail: string; contactName: string; contactPhone: string; contactEmail: string; ... 8 more ...; shifts?: { ...; } | undefined; }; ... 8 more ...; attachments?: { ...; }[] | undef...'.
            Type 'ResolverSuccess<TFieldValues>' is not assignable to type 'ResolverSuccess<{ companyInfo: { nameVn: string; taxId: string; address: string; repName: string; repPosition: string; repPhone: string; repEmail: string; contactName: string; contactPhone: string; contactEmail: string; ... 8 more ...; shifts?: { ...; } | undefined; }; ... 8 more ...; attachments?: { ...; }[] | unde...'.
              Type 'TFieldValues' is not assignable to type '{ companyInfo: { nameVn: string; taxId: string; address: string; repName: string; repPosition: string; repPhone: string; repEmail: string; contactName: string; contactPhone: string; contactEmail: string; ... 8 more ...; shifts?: { ...; } | undefined; }; ... 8 more ...; attachments?: { ...; }[] | undefined; }'.
                Type 'FieldValues' is missing the following properties from type '{ companyInfo: { nameVn: string; taxId: string; address: string; repName: string; repPosition: string; repPhone: string; repEmail: string; contactName: string; contactPhone: string; contactEmail: string; ... 8 more ...; shifts?: { ...; } | undefined; }; ... 8 more ...; attachments?: { ...; }[] | undefined; }': companyInfo, products, hasOutsourcedProcess, hasOtherSystems, status
src/components/audit/application-form.tsx(292,48): error TS2719: Type 'import("C:/Users/Admin/.gemini/antigravity/playground/triple-disk/pgl-audit-system/node_modules/react-hook-form/dist/types/form").Control<{ companyInfo: { nameVn: string; taxId: string; address: string; repName: string; repPosition: string; repPhone: string; repEmail: string; contactName: string; contactPhone: strin...' is not assignable to type 'import("C:/Users/Admin/.gemini/antigravity/playground/triple-disk/pgl-audit-system/node_modules/react-hook-form/dist/types/form").Control<{ companyInfo: { nameVn: string; taxId: string; address: string; repName: string; repPosition: string; repPhone: string; repEmail: string; contactName: string; contactPhone: strin...'. Two different types with this name exist, but they are unrelated.
  The types of '_options.resolver' are incompatible between these types.
    Type 'import("C:/Users/Admin/.gemini/antigravity/playground/triple-disk/pgl-audit-system/node_modules/react-hook-form/dist/types/resolvers").Resolver<{ companyInfo: { nameVn: string; taxId: string; address: string; repName: string; repPosition: string; repPhone: string; repEmail: string; contactName: string; contactPhone:...' is not assignable to type 'import("C:/Users/Admin/.gemini/antigravity/playground/triple-disk/pgl-audit-system/node_modules/react-hook-form/dist/types/resolvers").Resolver<{ companyInfo: { nameVn: string; taxId: string; address: string; repName: string; repPosition: string; repPhone: string; repEmail: string; contactName: string; contactPhone:...'. Two different types with this name exist, but they are unrelated.
      Type 'import("C:/Users/Admin/.gemini/antigravity/playground/triple-disk/pgl-audit-system/node_modules/react-hook-form/dist/types/resolvers").Resolver<{ companyInfo: { nameVn: string; taxId: string; address: string; repName: string; repPosition: string; repPhone: string; repEmail: string; contactName: string; contactPhone:...' is not assignable to type 'import("C:/Users/Admin/.gemini/antigravity/playground/triple-disk/pgl-audit-system/node_modules/react-hook-form/dist/types/resolvers").Resolver<{ companyInfo: { nameVn: string; taxId: string; address: string; repName: string; repPosition: string; repPhone: string; repEmail: string; contactName: string; contactPhone:...'. Two different types with this name exist, but they are unrelated.
        Type 'import("C:/Users/Admin/.gemini/antigravity/playground/triple-disk/pgl-audit-system/node_modules/react-hook-form/dist/types/resolvers").ResolverResult<{ companyInfo: { nameVn: string; taxId: string; address: string; repName: string; repPosition: string; repPhone: string; repEmail: string; contactName: string; contact...' is not assignable to type 'import("C:/Users/Admin/.gemini/antigravity/playground/triple-disk/pgl-audit-system/node_modules/react-hook-form/dist/types/resolvers").ResolverResult<{ companyInfo: { nameVn: string; taxId: string; address: string; repName: string; repPosition: string; repPhone: string; repEmail: string; contactName: string; contact...'. Two different types with this name exist, but they are unrelated.
          Type 'ResolverSuccess<TFieldValues>' is not assignable to type 'ResolverResult<{ companyInfo: { nameVn: string; taxId: string; address: string; repName: string; repPosition: string; repPhone: string; repEmail: string; contactName: string; contactPhone: string; contactEmail: string; ... 8 more ...; shifts?: { ...; } | undefined; }; ... 8 more ...; attachments?: { ...; }[] | undef...'.
            Type 'ResolverSuccess<TFieldValues>' is not assignable to type 'ResolverSuccess<{ companyInfo: { nameVn: string; taxId: string; address: string; repName: string; repPosition: string; repPhone: string; repEmail: string; contactName: string; contactPhone: string; contactEmail: string; ... 8 more ...; shifts?: { ...; } | undefined; }; ... 8 more ...; attachments?: { ...; }[] | unde...'.
              Type 'TFieldValues' is not assignable to type '{ companyInfo: { nameVn: string; taxId: string; address: string; repName: string; repPosition: string; repPhone: string; repEmail: string; contactName: string; contactPhone: string; contactEmail: string; ... 8 more ...; shifts?: { ...; } | undefined; }; ... 8 more ...; attachments?: { ...; }[] | undefined; }'.
                Type 'FieldValues' is missing the following properties from type '{ companyInfo: { nameVn: string; taxId: string; address: string; repName: string; repPosition: string; repPhone: string; repEmail: string; contactName: string; contactPhone: string; contactEmail: string; ... 8 more ...; shifts?: { ...; } | undefined; }; ... 8 more ...; attachments?: { ...; }[] | undefined; }': companyInfo, products, hasOutsourcedProcess, hasOtherSystems, status
src/components/audit/application-form.tsx(295,48): error TS2719: Type 'import("C:/Users/Admin/.gemini/antigravity/playground/triple-disk/pgl-audit-system/node_modules/react-hook-form/dist/types/form").Control<{ companyInfo: { nameVn: string; taxId: string; address: string; repName: string; repPosition: string; repPhone: string; repEmail: string; contactName: string; contactPhone: strin...' is not assignable to type 'import("C:/Users/Admin/.gemini/antigravity/playground/triple-disk/pgl-audit-system/node_modules/react-hook-form/dist/types/form").Control<{ companyInfo: { nameVn: string; taxId: string; address: string; repName: string; repPosition: string; repPhone: string; repEmail: string; contactName: string; contactPhone: strin...'. Two different types with this name exist, but they are unrelated.
  The types of '_options.resolver' are incompatible between these types.
    Type 'import("C:/Users/Admin/.gemini/antigravity/playground/triple-disk/pgl-audit-system/node_modules/react-hook-form/dist/types/resolvers").Resolver<{ companyInfo: { nameVn: string; taxId: string; address: string; repName: string; repPosition: string; repPhone: string; repEmail: string; contactName: string; contactPhone:...' is not assignable to type 'import("C:/Users/Admin/.gemini/antigravity/playground/triple-disk/pgl-audit-system/node_modules/react-hook-form/dist/types/resolvers").Resolver<{ companyInfo: { nameVn: string; taxId: string; address: string; repName: string; repPosition: string; repPhone: string; repEmail: string; contactName: string; contactPhone:...'. Two different types with this name exist, but they are unrelated.
      Type 'import("C:/Users/Admin/.gemini/antigravity/playground/triple-disk/pgl-audit-system/node_modules/react-hook-form/dist/types/resolvers").Resolver<{ companyInfo: { nameVn: string; taxId: string; address: string; repName: string; repPosition: string; repPhone: string; repEmail: string; contactName: string; contactPhone:...' is not assignable to type 'import("C:/Users/Admin/.gemini/antigravity/playground/triple-disk/pgl-audit-system/node_modules/react-hook-form/dist/types/resolvers").Resolver<{ companyInfo: { nameVn: string; taxId: string; address: string; repName: string; repPosition: string; repPhone: string; repEmail: string; contactName: string; contactPhone:...'. Two different types with this name exist, but they are unrelated.
        Type 'import("C:/Users/Admin/.gemini/antigravity/playground/triple-disk/pgl-audit-system/node_modules/react-hook-form/dist/types/resolvers").ResolverResult<{ companyInfo: { nameVn: string; taxId: string; address: string; repName: string; repPosition: string; repPhone: string; repEmail: string; contactName: string; contact...' is not assignable to type 'import("C:/Users/Admin/.gemini/antigravity/playground/triple-disk/pgl-audit-system/node_modules/react-hook-form/dist/types/resolvers").ResolverResult<{ companyInfo: { nameVn: string; taxId: string; address: string; repName: string; repPosition: string; repPhone: string; repEmail: string; contactName: string; contact...'. Two different types with this name exist, but they are unrelated.
          Type 'ResolverSuccess<TFieldValues>' is not assignable to type 'ResolverResult<{ companyInfo: { nameVn: string; taxId: string; address: string; repName: string; repPosition: string; repPhone: string; repEmail: string; contactName: string; contactPhone: string; contactEmail: string; ... 8 more ...; shifts?: { ...; } | undefined; }; ... 8 more ...; attachments?: { ...; }[] | undef...'.
            Type 'ResolverSuccess<TFieldValues>' is not assignable to type 'ResolverSuccess<{ companyInfo: { nameVn: string; taxId: string; address: string; repName: string; repPosition: string; repPhone: string; repEmail: string; contactName: string; contactPhone: string; contactEmail: string; ... 8 more ...; shifts?: { ...; } | undefined; }; ... 8 more ...; attachments?: { ...; }[] | unde...'.
              Type 'TFieldValues' is not assignable to type '{ companyInfo: { nameVn: string; taxId: string; address: string; repName: string; repPosition: string; repPhone: string; repEmail: string; contactName: string; contactPhone: string; contactEmail: string; ... 8 more ...; shifts?: { ...; } | undefined; }; ... 8 more ...; attachments?: { ...; }[] | undefined; }'.
                Type 'FieldValues' is missing the following properties from type '{ companyInfo: { nameVn: string; taxId: string; address: string; repName: string; repPosition: string; repPhone: string; repEmail: string; contactName: string; contactPhone: string; contactEmail: string; ... 8 more ...; shifts?: { ...; } | undefined; }; ... 8 more ...; attachments?: { ...; }[] | undefined; }': companyInfo, products, hasOutsourcedProcess, hasOtherSystems, status
src/components/audit/application-form.tsx(298,48): error TS2719: Type 'import("C:/Users/Admin/.gemini/antigravity/playground/triple-disk/pgl-audit-system/node_modules/react-hook-form/dist/types/form").Control<{ companyInfo: { nameVn: string; taxId: string; address: string; repName: string; repPosition: string; repPhone: string; repEmail: string; contactName: string; contactPhone: strin...' is not assignable to type 'import("C:/Users/Admin/.gemini/antigravity/playground/triple-disk/pgl-audit-system/node_modules/react-hook-form/dist/types/form").Control<{ companyInfo: { nameVn: string; taxId: string; address: string; repName: string; repPosition: string; repPhone: string; repEmail: string; contactName: string; contactPhone: strin...'. Two different types with this name exist, but they are unrelated.
  The types of '_options.resolver' are incompatible between these types.
    Type 'import("C:/Users/Admin/.gemini/antigravity/playground/triple-disk/pgl-audit-system/node_modules/react-hook-form/dist/types/resolvers").Resolver<{ companyInfo: { nameVn: string; taxId: string; address: string; repName: string; repPosition: string; repPhone: string; repEmail: string; contactName: string; contactPhone:...' is not assignable to type 'import("C:/Users/Admin/.gemini/antigravity/playground/triple-disk/pgl-audit-system/node_modules/react-hook-form/dist/types/resolvers").Resolver<{ companyInfo: { nameVn: string; taxId: string; address: string; repName: string; repPosition: string; repPhone: string; repEmail: string; contactName: string; contactPhone:...'. Two different types with this name exist, but they are unrelated.
      Type 'import("C:/Users/Admin/.gemini/antigravity/playground/triple-disk/pgl-audit-system/node_modules/react-hook-form/dist/types/resolvers").Resolver<{ companyInfo: { nameVn: string; taxId: string; address: string; repName: string; repPosition: string; repPhone: string; repEmail: string; contactName: string; contactPhone:...' is not assignable to type 'import("C:/Users/Admin/.gemini/antigravity/playground/triple-disk/pgl-audit-system/node_modules/react-hook-form/dist/types/resolvers").Resolver<{ companyInfo: { nameVn: string; taxId: string; address: string; repName: string; repPosition: string; repPhone: string; repEmail: string; contactName: string; contactPhone:...'. Two different types with this name exist, but they are unrelated.
        Type 'import("C:/Users/Admin/.gemini/antigravity/playground/triple-disk/pgl-audit-system/node_modules/react-hook-form/dist/types/resolvers").ResolverResult<{ companyInfo: { nameVn: string; taxId: string; address: string; repName: string; repPosition: string; repPhone: string; repEmail: string; contactName: string; contact...' is not assignable to type 'import("C:/Users/Admin/.gemini/antigravity/playground/triple-disk/pgl-audit-system/node_modules/react-hook-form/dist/types/resolvers").ResolverResult<{ companyInfo: { nameVn: string; taxId: string; address: string; repName: string; repPosition: string; repPhone: string; repEmail: string; contactName: string; contact...'. Two different types with this name exist, but they are unrelated.
          Type 'ResolverSuccess<TFieldValues>' is not assignable to type 'ResolverResult<{ companyInfo: { nameVn: string; taxId: string; address: string; repName: string; repPosition: string; repPhone: string; repEmail: string; contactName: string; contactPhone: string; contactEmail: string; ... 8 more ...; shifts?: { ...; } | undefined; }; ... 8 more ...; attachments?: { ...; }[] | undef...'.
            Type 'ResolverSuccess<TFieldValues>' is not assignable to type 'ResolverSuccess<{ companyInfo: { nameVn: string; taxId: string; address: string; repName: string; repPosition: string; repPhone: string; repEmail: string; contactName: string; contactPhone: string; contactEmail: string; ... 8 more ...; shifts?: { ...; } | undefined; }; ... 8 more ...; attachments?: { ...; }[] | unde...'.
              Type 'TFieldValues' is not assignable to type '{ companyInfo: { nameVn: string; taxId: string; address: string; repName: string; repPosition: string; repPhone: string; repEmail: string; contactName: string; contactPhone: string; contactEmail: string; ... 8 more ...; shifts?: { ...; } | undefined; }; ... 8 more ...; attachments?: { ...; }[] | undefined; }'.
                Type 'FieldValues' is missing the following properties from type '{ companyInfo: { nameVn: string; taxId: string; address: string; repName: string; repPosition: string; repPhone: string; repEmail: string; contactName: string; contactPhone: string; contactEmail: string; ... 8 more ...; shifts?: { ...; } | undefined; }; ... 8 more ...; attachments?: { ...; }[] | undefined; }': companyInfo, products, hasOutsourcedProcess, hasOtherSystems, status
src/components/audit/application-form.tsx(301,48): error TS2719: Type 'import("C:/Users/Admin/.gemini/antigravity/playground/triple-disk/pgl-audit-system/node_modules/react-hook-form/dist/types/form").Control<{ companyInfo: { nameVn: string; taxId: string; address: string; repName: string; repPosition: string; repPhone: string; repEmail: string; contactName: string; contactPhone: strin...' is not assignable to type 'import("C:/Users/Admin/.gemini/antigravity/playground/triple-disk/pgl-audit-system/node_modules/react-hook-form/dist/types/form").Control<{ companyInfo: { nameVn: string; taxId: string; address: string; repName: string; repPosition: string; repPhone: string; repEmail: string; contactName: string; contactPhone: strin...'. Two different types with this name exist, but they are unrelated.
  The types of '_options.resolver' are incompatible between these types.
    Type 'import("C:/Users/Admin/.gemini/antigravity/playground/triple-disk/pgl-audit-system/node_modules/react-hook-form/dist/types/resolvers").Resolver<{ companyInfo: { nameVn: string; taxId: string; address: string; repName: string; repPosition: string; repPhone: string; repEmail: string; contactName: string; contactPhone:...' is not assignable to type 'import("C:/Users/Admin/.gemini/antigravity/playground/triple-disk/pgl-audit-system/node_modules/react-hook-form/dist/types/resolvers").Resolver<{ companyInfo: { nameVn: string; taxId: string; address: string; repName: string; repPosition: string; repPhone: string; repEmail: string; contactName: string; contactPhone:...'. Two different types with this name exist, but they are unrelated.
      Type 'import("C:/Users/Admin/.gemini/antigravity/playground/triple-disk/pgl-audit-system/node_modules/react-hook-form/dist/types/resolvers").Resolver<{ companyInfo: { nameVn: string; taxId: string; address: string; repName: string; repPosition: string; repPhone: string; repEmail: string; contactName: string; contactPhone:...' is not assignable to type 'import("C:/Users/Admin/.gemini/antigravity/playground/triple-disk/pgl-audit-system/node_modules/react-hook-form/dist/types/resolvers").Resolver<{ companyInfo: { nameVn: string; taxId: string; address: string; repName: string; repPosition: string; repPhone: string; repEmail: string; contactName: string; contactPhone:...'. Two different types with this name exist, but they are unrelated.
        Type 'import("C:/Users/Admin/.gemini/antigravity/playground/triple-disk/pgl-audit-system/node_modules/react-hook-form/dist/types/resolvers").ResolverResult<{ companyInfo: { nameVn: string; taxId: string; address: string; repName: string; repPosition: string; repPhone: string; repEmail: string; contactName: string; contact...' is not assignable to type 'import("C:/Users/Admin/.gemini/antigravity/playground/triple-disk/pgl-audit-system/node_modules/react-hook-form/dist/types/resolvers").ResolverResult<{ companyInfo: { nameVn: string; taxId: string; address: string; repName: string; repPosition: string; repPhone: string; repEmail: string; contactName: string; contact...'. Two different types with this name exist, but they are unrelated.
          Type 'ResolverSuccess<TFieldValues>' is not assignable to type 'ResolverResult<{ companyInfo: { nameVn: string; taxId: string; address: string; repName: string; repPosition: string; repPhone: string; repEmail: string; contactName: string; contactPhone: string; contactEmail: string; ... 8 more ...; shifts?: { ...; } | undefined; }; ... 8 more ...; attachments?: { ...; }[] | undef...'.
            Type 'ResolverSuccess<TFieldValues>' is not assignable to type 'ResolverSuccess<{ companyInfo: { nameVn: string; taxId: string; address: string; repName: string; repPosition: string; repPhone: string; repEmail: string; contactName: string; contactPhone: string; contactEmail: string; ... 8 more ...; shifts?: { ...; } | undefined; }; ... 8 more ...; attachments?: { ...; }[] | unde...'.
              Type 'TFieldValues' is not assignable to type '{ companyInfo: { nameVn: string; taxId: string; address: string; repName: string; repPosition: string; repPhone: string; repEmail: string; contactName: string; contactPhone: string; contactEmail: string; ... 8 more ...; shifts?: { ...; } | undefined; }; ... 8 more ...; attachments?: { ...; }[] | undefined; }'.
                Type 'FieldValues' is missing the following properties from type '{ companyInfo: { nameVn: string; taxId: string; address: string; repName: string; repPosition: string; repPhone: string; repEmail: string; contactName: string; contactPhone: string; contactEmail: string; ... 8 more ...; shifts?: { ...; } | undefined; }; ... 8 more ...; attachments?: { ...; }[] | undefined; }': companyInfo, products, hasOutsourcedProcess, hasOtherSystems, status
src/components/audit/application-form.tsx(312,48): error TS2719: Type 'import("C:/Users/Admin/.gemini/antigravity/playground/triple-disk/pgl-audit-system/node_modules/react-hook-form/dist/types/form").Control<{ companyInfo: { nameVn: string; taxId: string; address: string; repName: string; repPosition: string; repPhone: string; repEmail: string; contactName: string; contactPhone: strin...' is not assignable to type 'import("C:/Users/Admin/.gemini/antigravity/playground/triple-disk/pgl-audit-system/node_modules/react-hook-form/dist/types/form").Control<{ companyInfo: { nameVn: string; taxId: string; address: string; repName: string; repPosition: string; repPhone: string; repEmail: string; contactName: string; contactPhone: strin...'. Two different types with this name exist, but they are unrelated.
  The types of '_options.resolver' are incompatible between these types.
    Type 'import("C:/Users/Admin/.gemini/antigravity/playground/triple-disk/pgl-audit-system/node_modules/react-hook-form/dist/types/resolvers").Resolver<{ companyInfo: { nameVn: string; taxId: string; address: string; repName: string; repPosition: string; repPhone: string; repEmail: string; contactName: string; contactPhone:...' is not assignable to type 'import("C:/Users/Admin/.gemini/antigravity/playground/triple-disk/pgl-audit-system/node_modules/react-hook-form/dist/types/resolvers").Resolver<{ companyInfo: { nameVn: string; taxId: string; address: string; repName: string; repPosition: string; repPhone: string; repEmail: string; contactName: string; contactPhone:...'. Two different types with this name exist, but they are unrelated.
      Type 'import("C:/Users/Admin/.gemini/antigravity/playground/triple-disk/pgl-audit-system/node_modules/react-hook-form/dist/types/resolvers").Resolver<{ companyInfo: { nameVn: string; taxId: string; address: string; repName: string; repPosition: string; repPhone: string; repEmail: string; contactName: string; contactPhone:...' is not assignable to type 'import("C:/Users/Admin/.gemini/antigravity/playground/triple-disk/pgl-audit-system/node_modules/react-hook-form/dist/types/resolvers").Resolver<{ companyInfo: { nameVn: string; taxId: string; address: string; repName: string; repPosition: string; repPhone: string; repEmail: string; contactName: string; contactPhone:...'. Two different types with this name exist, but they are unrelated.
        Type 'import("C:/Users/Admin/.gemini/antigravity/playground/triple-disk/pgl-audit-system/node_modules/react-hook-form/dist/types/resolvers").ResolverResult<{ companyInfo: { nameVn: string; taxId: string; address: string; repName: string; repPosition: string; repPhone: string; repEmail: string; contactName: string; contact...' is not assignable to type 'import("C:/Users/Admin/.gemini/antigravity/playground/triple-disk/pgl-audit-system/node_modules/react-hook-form/dist/types/resolvers").ResolverResult<{ companyInfo: { nameVn: string; taxId: string; address: string; repName: string; repPosition: string; repPhone: string; repEmail: string; contactName: string; contact...'. Two different types with this name exist, but they are unrelated.
          Type 'ResolverSuccess<TFieldValues>' is not assignable to type 'ResolverResult<{ companyInfo: { nameVn: string; taxId: string; address: string; repName: string; repPosition: string; repPhone: string; repEmail: string; contactName: string; contactPhone: string; contactEmail: string; ... 8 more ...; shifts?: { ...; } | undefined; }; ... 8 more ...; attachments?: { ...; }[] | undef...'.
            Type 'ResolverSuccess<TFieldValues>' is not assignable to type 'ResolverSuccess<{ companyInfo: { nameVn: string; taxId: string; address: string; repName: string; repPosition: string; repPhone: string; repEmail: string; contactName: string; contactPhone: string; contactEmail: string; ... 8 more ...; shifts?: { ...; } | undefined; }; ... 8 more ...; attachments?: { ...; }[] | unde...'.
              Type 'TFieldValues' is not assignable to type '{ companyInfo: { nameVn: string; taxId: string; address: string; repName: string; repPosition: string; repPhone: string; repEmail: string; contactName: string; contactPhone: string; contactEmail: string; ... 8 more ...; shifts?: { ...; } | undefined; }; ... 8 more ...; attachments?: { ...; }[] | undefined; }'.
                Type 'FieldValues' is missing the following properties from type '{ companyInfo: { nameVn: string; taxId: string; address: string; repName: string; repPosition: string; repPhone: string; repEmail: string; contactName: string; contactPhone: string; contactEmail: string; ... 8 more ...; shifts?: { ...; } | undefined; }; ... 8 more ...; attachments?: { ...; }[] | undefined; }': companyInfo, products, hasOutsourcedProcess, hasOtherSystems, status
src/components/audit/application-form.tsx(315,48): error TS2719: Type 'import("C:/Users/Admin/.gemini/antigravity/playground/triple-disk/pgl-audit-system/node_modules/react-hook-form/dist/types/form").Control<{ companyInfo: { nameVn: string; taxId: string; address: string; repName: string; repPosition: string; repPhone: string; repEmail: string; contactName: string; contactPhone: strin...' is not assignable to type 'import("C:/Users/Admin/.gemini/antigravity/playground/triple-disk/pgl-audit-system/node_modules/react-hook-form/dist/types/form").Control<{ companyInfo: { nameVn: string; taxId: string; address: string; repName: string; repPosition: string; repPhone: string; repEmail: string; contactName: string; contactPhone: strin...'. Two different types with this name exist, but they are unrelated.
  The types of '_options.resolver' are incompatible between these types.
    Type 'import("C:/Users/Admin/.gemini/antigravity/playground/triple-disk/pgl-audit-system/node_modules/react-hook-form/dist/types/resolvers").Resolver<{ companyInfo: { nameVn: string; taxId: string; address: string; repName: string; repPosition: string; repPhone: string; repEmail: string; contactName: string; contactPhone:...' is not assignable to type 'import("C:/Users/Admin/.gemini/antigravity/playground/triple-disk/pgl-audit-system/node_modules/react-hook-form/dist/types/resolvers").Resolver<{ companyInfo: { nameVn: string; taxId: string; address: string; repName: string; repPosition: string; repPhone: string; repEmail: string; contactName: string; contactPhone:...'. Two different types with this name exist, but they are unrelated.
      Type 'import("C:/Users/Admin/.gemini/antigravity/playground/triple-disk/pgl-audit-system/node_modules/react-hook-form/dist/types/resolvers").Resolver<{ companyInfo: { nameVn: string; taxId: string; address: string; repName: string; repPosition: string; repPhone: string; repEmail: string; contactName: string; contactPhone:...' is not assignable to type 'import("C:/Users/Admin/.gemini/antigravity/playground/triple-disk/pgl-audit-system/node_modules/react-hook-form/dist/types/resolvers").Resolver<{ companyInfo: { nameVn: string; taxId: string; address: string; repName: string; repPosition: string; repPhone: string; repEmail: string; contactName: string; contactPhone:...'. Two different types with this name exist, but they are unrelated.
        Type 'import("C:/Users/Admin/.gemini/antigravity/playground/triple-disk/pgl-audit-system/node_modules/react-hook-form/dist/types/resolvers").ResolverResult<{ companyInfo: { nameVn: string; taxId: string; address: string; repName: string; repPosition: string; repPhone: string; repEmail: string; contactName: string; contact...' is not assignable to type 'import("C:/Users/Admin/.gemini/antigravity/playground/triple-disk/pgl-audit-system/node_modules/react-hook-form/dist/types/resolvers").ResolverResult<{ companyInfo: { nameVn: string; taxId: string; address: string; repName: string; repPosition: string; repPhone: string; repEmail: string; contactName: string; contact...'. Two different types with this name exist, but they are unrelated.
          Type 'ResolverSuccess<TFieldValues>' is not assignable to type 'ResolverResult<{ companyInfo: { nameVn: string; taxId: string; address: string; repName: string; repPosition: string; repPhone: string; repEmail: string; contactName: string; contactPhone: string; contactEmail: string; ... 8 more ...; shifts?: { ...; } | undefined; }; ... 8 more ...; attachments?: { ...; }[] | undef...'.
            Type 'ResolverSuccess<TFieldValues>' is not assignable to type 'ResolverSuccess<{ companyInfo: { nameVn: string; taxId: string; address: string; repName: string; repPosition: string; repPhone: string; repEmail: string; contactName: string; contactPhone: string; contactEmail: string; ... 8 more ...; shifts?: { ...; } | undefined; }; ... 8 more ...; attachments?: { ...; }[] | unde...'.
              Type 'TFieldValues' is not assignable to type '{ companyInfo: { nameVn: string; taxId: string; address: string; repName: string; repPosition: string; repPhone: string; repEmail: string; contactName: string; contactPhone: string; contactEmail: string; ... 8 more ...; shifts?: { ...; } | undefined; }; ... 8 more ...; attachments?: { ...; }[] | undefined; }'.
                Type 'FieldValues' is missing the following properties from type '{ companyInfo: { nameVn: string; taxId: string; address: string; repName: string; repPosition: string; repPhone: string; repEmail: string; contactName: string; contactPhone: string; contactEmail: string; ... 8 more ...; shifts?: { ...; } | undefined; }; ... 8 more ...; attachments?: { ...; }[] | undefined; }': companyInfo, products, hasOutsourcedProcess, hasOtherSystems, status
src/components/audit/application-form.tsx(318,48): error TS2719: Type 'import("C:/Users/Admin/.gemini/antigravity/playground/triple-disk/pgl-audit-system/node_modules/react-hook-form/dist/types/form").Control<{ companyInfo: { nameVn: string; taxId: string; address: string; repName: string; repPosition: string; repPhone: string; repEmail: string; contactName: string; contactPhone: strin...' is not assignable to type 'import("C:/Users/Admin/.gemini/antigravity/playground/triple-disk/pgl-audit-system/node_modules/react-hook-form/dist/types/form").Control<{ companyInfo: { nameVn: string; taxId: string; address: string; repName: string; repPosition: string; repPhone: string; repEmail: string; contactName: string; contactPhone: strin...'. Two different types with this name exist, but they are unrelated.
  The types of '_options.resolver' are incompatible between these types.
    Type 'import("C:/Users/Admin/.gemini/antigravity/playground/triple-disk/pgl-audit-system/node_modules/react-hook-form/dist/types/resolvers").Resolver<{ companyInfo: { nameVn: string; taxId: string; address: string; repName: string; repPosition: string; repPhone: string; repEmail: string; contactName: string; contactPhone:...' is not assignable to type 'import("C:/Users/Admin/.gemini/antigravity/playground/triple-disk/pgl-audit-system/node_modules/react-hook-form/dist/types/resolvers").Resolver<{ companyInfo: { nameVn: string; taxId: string; address: string; repName: string; repPosition: string; repPhone: string; repEmail: string; contactName: string; contactPhone:...'. Two different types with this name exist, but they are unrelated.
      Type 'import("C:/Users/Admin/.gemini/antigravity/playground/triple-disk/pgl-audit-system/node_modules/react-hook-form/dist/types/resolvers").Resolver<{ companyInfo: { nameVn: string; taxId: string; address: string; repName: string; repPosition: string; repPhone: string; repEmail: string; contactName: string; contactPhone:...' is not assignable to type 'import("C:/Users/Admin/.gemini/antigravity/playground/triple-disk/pgl-audit-system/node_modules/react-hook-form/dist/types/resolvers").Resolver<{ companyInfo: { nameVn: string; taxId: string; address: string; repName: string; repPosition: string; repPhone: string; repEmail: string; contactName: string; contactPhone:...'. Two different types with this name exist, but they are unrelated.
        Type 'import("C:/Users/Admin/.gemini/antigravity/playground/triple-disk/pgl-audit-system/node_modules/react-hook-form/dist/types/resolvers").ResolverResult<{ companyInfo: { nameVn: string; taxId: string; address: string; repName: string; repPosition: string; repPhone: string; repEmail: string; contactName: string; contact...' is not assignable to type 'import("C:/Users/Admin/.gemini/antigravity/playground/triple-disk/pgl-audit-system/node_modules/react-hook-form/dist/types/resolvers").ResolverResult<{ companyInfo: { nameVn: string; taxId: string; address: string; repName: string; repPosition: string; repPhone: string; repEmail: string; contactName: string; contact...'. Two different types with this name exist, but they are unrelated.
          Type 'ResolverSuccess<TFieldValues>' is not assignable to type 'ResolverResult<{ companyInfo: { nameVn: string; taxId: string; address: string; repName: string; repPosition: string; repPhone: string; repEmail: string; contactName: string; contactPhone: string; contactEmail: string; ... 8 more ...; shifts?: { ...; } | undefined; }; ... 8 more ...; attachments?: { ...; }[] | undef...'.
            Type 'ResolverSuccess<TFieldValues>' is not assignable to type 'ResolverSuccess<{ companyInfo: { nameVn: string; taxId: string; address: string; repName: string; repPosition: string; repPhone: string; repEmail: string; contactName: string; contactPhone: string; contactEmail: string; ... 8 more ...; shifts?: { ...; } | undefined; }; ... 8 more ...; attachments?: { ...; }[] | unde...'.
              Type 'TFieldValues' is not assignable to type '{ companyInfo: { nameVn: string; taxId: string; address: string; repName: string; repPosition: string; repPhone: string; repEmail: string; contactName: string; contactPhone: string; contactEmail: string; ... 8 more ...; shifts?: { ...; } | undefined; }; ... 8 more ...; attachments?: { ...; }[] | undefined; }'.
                Type 'FieldValues' is missing the following properties from type '{ companyInfo: { nameVn: string; taxId: string; address: string; repName: string; repPosition: string; repPhone: string; repEmail: string; contactName: string; contactPhone: string; contactEmail: string; ... 8 more ...; shifts?: { ...; } | undefined; }; ... 8 more ...; attachments?: { ...; }[] | undefined; }': companyInfo, products, hasOutsourcedProcess, hasOtherSystems, status
src/components/audit/application-form.tsx(321,48): error TS2719: Type 'import("C:/Users/Admin/.gemini/antigravity/playground/triple-disk/pgl-audit-system/node_modules/react-hook-form/dist/types/form").Control<{ companyInfo: { nameVn: string; taxId: string; address: string; repName: string; repPosition: string; repPhone: string; repEmail: string; contactName: string; contactPhone: strin...' is not assignable to type 'import("C:/Users/Admin/.gemini/antigravity/playground/triple-disk/pgl-audit-system/node_modules/react-hook-form/dist/types/form").Control<{ companyInfo: { nameVn: string; taxId: string; address: string; repName: string; repPosition: string; repPhone: string; repEmail: string; contactName: string; contactPhone: strin...'. Two different types with this name exist, but they are unrelated.
  The types of '_options.resolver' are incompatible between these types.
    Type 'import("C:/Users/Admin/.gemini/antigravity/playground/triple-disk/pgl-audit-system/node_modules/react-hook-form/dist/types/resolvers").Resolver<{ companyInfo: { nameVn: string; taxId: string; address: string; repName: string; repPosition: string; repPhone: string; repEmail: string; contactName: string; contactPhone:...' is not assignable to type 'import("C:/Users/Admin/.gemini/antigravity/playground/triple-disk/pgl-audit-system/node_modules/react-hook-form/dist/types/resolvers").Resolver<{ companyInfo: { nameVn: string; taxId: string; address: string; repName: string; repPosition: string; repPhone: string; repEmail: string; contactName: string; contactPhone:...'. Two different types with this name exist, but they are unrelated.
      Type 'import("C:/Users/Admin/.gemini/antigravity/playground/triple-disk/pgl-audit-system/node_modules/react-hook-form/dist/types/resolvers").Resolver<{ companyInfo: { nameVn: string; taxId: string; address: string; repName: string; repPosition: string; repPhone: string; repEmail: string; contactName: string; contactPhone:...' is not assignable to type 'import("C:/Users/Admin/.gemini/antigravity/playground/triple-disk/pgl-audit-system/node_modules/react-hook-form/dist/types/resolvers").Resolver<{ companyInfo: { nameVn: string; taxId: string; address: string; repName: string; repPosition: string; repPhone: string; repEmail: string; contactName: string; contactPhone:...'. Two different types with this name exist, but they are unrelated.
        Type 'import("C:/Users/Admin/.gemini/antigravity/playground/triple-disk/pgl-audit-system/node_modules/react-hook-form/dist/types/resolvers").ResolverResult<{ companyInfo: { nameVn: string; taxId: string; address: string; repName: string; repPosition: string; repPhone: string; repEmail: string; contactName: string; contact...' is not assignable to type 'import("C:/Users/Admin/.gemini/antigravity/playground/triple-disk/pgl-audit-system/node_modules/react-hook-form/dist/types/resolvers").ResolverResult<{ companyInfo: { nameVn: string; taxId: string; address: string; repName: string; repPosition: string; repPhone: string; repEmail: string; contactName: string; contact...'. Two different types with this name exist, but they are unrelated.
          Type 'ResolverSuccess<TFieldValues>' is not assignable to type 'ResolverResult<{ companyInfo: { nameVn: string; taxId: string; address: string; repName: string; repPosition: string; repPhone: string; repEmail: string; contactName: string; contactPhone: string; contactEmail: string; ... 8 more ...; shifts?: { ...; } | undefined; }; ... 8 more ...; attachments?: { ...; }[] | undef...'.
            Type 'ResolverSuccess<TFieldValues>' is not assignable to type 'ResolverSuccess<{ companyInfo: { nameVn: string; taxId: string; address: string; repName: string; repPosition: string; repPhone: string; repEmail: string; contactName: string; contactPhone: string; contactEmail: string; ... 8 more ...; shifts?: { ...; } | undefined; }; ... 8 more ...; attachments?: { ...; }[] | unde...'.
              Type 'TFieldValues' is not assignable to type '{ companyInfo: { nameVn: string; taxId: string; address: string; repName: string; repPosition: string; repPhone: string; repEmail: string; contactName: string; contactPhone: string; contactEmail: string; ... 8 more ...; shifts?: { ...; } | undefined; }; ... 8 more ...; attachments?: { ...; }[] | undefined; }'.
                Type 'FieldValues' is missing the following properties from type '{ companyInfo: { nameVn: string; taxId: string; address: string; repName: string; repPosition: string; repPhone: string; repEmail: string; contactName: string; contactPhone: string; contactEmail: string; ... 8 more ...; shifts?: { ...; } | undefined; }; ... 8 more ...; attachments?: { ...; }[] | undefined; }': companyInfo, products, hasOutsourcedProcess, hasOtherSystems, status
src/components/audit/application-form.tsx(333,44): error TS2719: Type 'import("C:/Users/Admin/.gemini/antigravity/playground/triple-disk/pgl-audit-system/node_modules/react-hook-form/dist/types/form").Control<{ companyInfo: { nameVn: string; taxId: string; address: string; repName: string; repPosition: string; repPhone: string; repEmail: string; contactName: string; contactPhone: strin...' is not assignable to type 'import("C:/Users/Admin/.gemini/antigravity/playground/triple-disk/pgl-audit-system/node_modules/react-hook-form/dist/types/form").Control<{ companyInfo: { nameVn: string; taxId: string; address: string; repName: string; repPosition: string; repPhone: string; repEmail: string; contactName: string; contactPhone: strin...'. Two different types with this name exist, but they are unrelated.
  The types of '_options.resolver' are incompatible between these types.
    Type 'import("C:/Users/Admin/.gemini/antigravity/playground/triple-disk/pgl-audit-system/node_modules/react-hook-form/dist/types/resolvers").Resolver<{ companyInfo: { nameVn: string; taxId: string; address: string; repName: string; repPosition: string; repPhone: string; repEmail: string; contactName: string; contactPhone:...' is not assignable to type 'import("C:/Users/Admin/.gemini/antigravity/playground/triple-disk/pgl-audit-system/node_modules/react-hook-form/dist/types/resolvers").Resolver<{ companyInfo: { nameVn: string; taxId: string; address: string; repName: string; repPosition: string; repPhone: string; repEmail: string; contactName: string; contactPhone:...'. Two different types with this name exist, but they are unrelated.
      Type 'import("C:/Users/Admin/.gemini/antigravity/playground/triple-disk/pgl-audit-system/node_modules/react-hook-form/dist/types/resolvers").Resolver<{ companyInfo: { nameVn: string; taxId: string; address: string; repName: string; repPosition: string; repPhone: string; repEmail: string; contactName: string; contactPhone:...' is not assignable to type 'import("C:/Users/Admin/.gemini/antigravity/playground/triple-disk/pgl-audit-system/node_modules/react-hook-form/dist/types/resolvers").Resolver<{ companyInfo: { nameVn: string; taxId: string; address: string; repName: string; repPosition: string; repPhone: string; repEmail: string; contactName: string; contactPhone:...'. Two different types with this name exist, but they are unrelated.
        Type 'import("C:/Users/Admin/.gemini/antigravity/playground/triple-disk/pgl-audit-system/node_modules/react-hook-form/dist/types/resolvers").ResolverResult<{ companyInfo: { nameVn: string; taxId: string; address: string; repName: string; repPosition: string; repPhone: string; repEmail: string; contactName: string; contact...' is not assignable to type 'import("C:/Users/Admin/.gemini/antigravity/playground/triple-disk/pgl-audit-system/node_modules/react-hook-form/dist/types/resolvers").ResolverResult<{ companyInfo: { nameVn: string; taxId: string; address: string; repName: string; repPosition: string; repPhone: string; repEmail: string; contactName: string; contact...'. Two different types with this name exist, but they are unrelated.
          Type 'ResolverSuccess<TFieldValues>' is not assignable to type 'ResolverResult<{ companyInfo: { nameVn: string; taxId: string; address: string; repName: string; repPosition: string; repPhone: string; repEmail: string; contactName: string; contactPhone: string; contactEmail: string; ... 8 more ...; shifts?: { ...; } | undefined; }; ... 8 more ...; attachments?: { ...; }[] | undef...'.
            Type 'ResolverSuccess<TFieldValues>' is not assignable to type 'ResolverSuccess<{ companyInfo: { nameVn: string; taxId: string; address: string; repName: string; repPosition: string; repPhone: string; repEmail: string; contactName: string; contactPhone: string; contactEmail: string; ... 8 more ...; shifts?: { ...; } | undefined; }; ... 8 more ...; attachments?: { ...; }[] | unde...'.
              Type 'TFieldValues' is not assignable to type '{ companyInfo: { nameVn: string; taxId: string; address: string; repName: string; repPosition: string; repPhone: string; repEmail: string; contactName: string; contactPhone: string; contactEmail: string; ... 8 more ...; shifts?: { ...; } | undefined; }; ... 8 more ...; attachments?: { ...; }[] | undefined; }'.
                Type 'FieldValues' is missing the following properties from type '{ companyInfo: { nameVn: string; taxId: string; address: string; repName: string; repPosition: string; repPhone: string; repEmail: string; contactName: string; contactPhone: string; contactEmail: string; ... 8 more ...; shifts?: { ...; } | undefined; }; ... 8 more ...; attachments?: { ...; }[] | undefined; }': companyInfo, products, hasOutsourcedProcess, hasOtherSystems, status
src/components/audit/application-form.tsx(336,44): error TS2719: Type 'import("C:/Users/Admin/.gemini/antigravity/playground/triple-disk/pgl-audit-system/node_modules/react-hook-form/dist/types/form").Control<{ companyInfo: { nameVn: string; taxId: string; address: string; repName: string; repPosition: string; repPhone: string; repEmail: string; contactName: string; contactPhone: strin...' is not assignable to type 'import("C:/Users/Admin/.gemini/antigravity/playground/triple-disk/pgl-audit-system/node_modules/react-hook-form/dist/types/form").Control<{ companyInfo: { nameVn: string; taxId: string; address: string; repName: string; repPosition: string; repPhone: string; repEmail: string; contactName: string; contactPhone: strin...'. Two different types with this name exist, but they are unrelated.
  The types of '_options.resolver' are incompatible between these types.
    Type 'import("C:/Users/Admin/.gemini/antigravity/playground/triple-disk/pgl-audit-system/node_modules/react-hook-form/dist/types/resolvers").Resolver<{ companyInfo: { nameVn: string; taxId: string; address: string; repName: string; repPosition: string; repPhone: string; repEmail: string; contactName: string; contactPhone:...' is not assignable to type 'import("C:/Users/Admin/.gemini/antigravity/playground/triple-disk/pgl-audit-system/node_modules/react-hook-form/dist/types/resolvers").Resolver<{ companyInfo: { nameVn: string; taxId: string; address: string; repName: string; repPosition: string; repPhone: string; repEmail: string; contactName: string; contactPhone:...'. Two different types with this name exist, but they are unrelated.
      Type 'import("C:/Users/Admin/.gemini/antigravity/playground/triple-disk/pgl-audit-system/node_modules/react-hook-form/dist/types/resolvers").Resolver<{ companyInfo: { nameVn: string; taxId: string; address: string; repName: string; repPosition: string; repPhone: string; repEmail: string; contactName: string; contactPhone:...' is not assignable to type 'import("C:/Users/Admin/.gemini/antigravity/playground/triple-disk/pgl-audit-system/node_modules/react-hook-form/dist/types/resolvers").Resolver<{ companyInfo: { nameVn: string; taxId: string; address: string; repName: string; repPosition: string; repPhone: string; repEmail: string; contactName: string; contactPhone:...'. Two different types with this name exist, but they are unrelated.
        Type 'import("C:/Users/Admin/.gemini/antigravity/playground/triple-disk/pgl-audit-system/node_modules/react-hook-form/dist/types/resolvers").ResolverResult<{ companyInfo: { nameVn: string; taxId: string; address: string; repName: string; repPosition: string; repPhone: string; repEmail: string; contactName: string; contact...' is not assignable to type 'import("C:/Users/Admin/.gemini/antigravity/playground/triple-disk/pgl-audit-system/node_modules/react-hook-form/dist/types/resolvers").ResolverResult<{ companyInfo: { nameVn: string; taxId: string; address: string; repName: string; repPosition: string; repPhone: string; repEmail: string; contactName: string; contact...'. Two different types with this name exist, but they are unrelated.
          Type 'ResolverSuccess<TFieldValues>' is not assignable to type 'ResolverResult<{ companyInfo: { nameVn: string; taxId: string; address: string; repName: string; repPosition: string; repPhone: string; repEmail: string; contactName: string; contactPhone: string; contactEmail: string; ... 8 more ...; shifts?: { ...; } | undefined; }; ... 8 more ...; attachments?: { ...; }[] | undef...'.
            Type 'ResolverSuccess<TFieldValues>' is not assignable to type 'ResolverSuccess<{ companyInfo: { nameVn: string; taxId: string; address: string; repName: string; repPosition: string; repPhone: string; repEmail: string; contactName: string; contactPhone: string; contactEmail: string; ... 8 more ...; shifts?: { ...; } | undefined; }; ... 8 more ...; attachments?: { ...; }[] | unde...'.
              Type 'TFieldValues' is not assignable to type '{ companyInfo: { nameVn: string; taxId: string; address: string; repName: string; repPosition: string; repPhone: string; repEmail: string; contactName: string; contactPhone: string; contactEmail: string; ... 8 more ...; shifts?: { ...; } | undefined; }; ... 8 more ...; attachments?: { ...; }[] | undefined; }'.
                Type 'FieldValues' is missing the following properties from type '{ companyInfo: { nameVn: string; taxId: string; address: string; repName: string; repPosition: string; repPhone: string; repEmail: string; contactName: string; contactPhone: string; contactEmail: string; ... 8 more ...; shifts?: { ...; } | undefined; }; ... 8 more ...; attachments?: { ...; }[] | undefined; }': companyInfo, products, hasOutsourcedProcess, hasOtherSystems, status
src/components/audit/application-form.tsx(339,44): error TS2719: Type 'import("C:/Users/Admin/.gemini/antigravity/playground/triple-disk/pgl-audit-system/node_modules/react-hook-form/dist/types/form").Control<{ companyInfo: { nameVn: string; taxId: string; address: string; repName: string; repPosition: string; repPhone: string; repEmail: string; contactName: string; contactPhone: strin...' is not assignable to type 'import("C:/Users/Admin/.gemini/antigravity/playground/triple-disk/pgl-audit-system/node_modules/react-hook-form/dist/types/form").Control<{ companyInfo: { nameVn: string; taxId: string; address: string; repName: string; repPosition: string; repPhone: string; repEmail: string; contactName: string; contactPhone: strin...'. Two different types with this name exist, but they are unrelated.
  The types of '_options.resolver' are incompatible between these types.
    Type 'import("C:/Users/Admin/.gemini/antigravity/playground/triple-disk/pgl-audit-system/node_modules/react-hook-form/dist/types/resolvers").Resolver<{ companyInfo: { nameVn: string; taxId: string; address: string; repName: string; repPosition: string; repPhone: string; repEmail: string; contactName: string; contactPhone:...' is not assignable to type 'import("C:/Users/Admin/.gemini/antigravity/playground/triple-disk/pgl-audit-system/node_modules/react-hook-form/dist/types/resolvers").Resolver<{ companyInfo: { nameVn: string; taxId: string; address: string; repName: string; repPosition: string; repPhone: string; repEmail: string; contactName: string; contactPhone:...'. Two different types with this name exist, but they are unrelated.
      Type 'import("C:/Users/Admin/.gemini/antigravity/playground/triple-disk/pgl-audit-system/node_modules/react-hook-form/dist/types/resolvers").Resolver<{ companyInfo: { nameVn: string; taxId: string; address: string; repName: string; repPosition: string; repPhone: string; repEmail: string; contactName: string; contactPhone:...' is not assignable to type 'import("C:/Users/Admin/.gemini/antigravity/playground/triple-disk/pgl-audit-system/node_modules/react-hook-form/dist/types/resolvers").Resolver<{ companyInfo: { nameVn: string; taxId: string; address: string; repName: string; repPosition: string; repPhone: string; repEmail: string; contactName: string; contactPhone:...'. Two different types with this name exist, but they are unrelated.
        Type 'import("C:/Users/Admin/.gemini/antigravity/playground/triple-disk/pgl-audit-system/node_modules/react-hook-form/dist/types/resolvers").ResolverResult<{ companyInfo: { nameVn: string; taxId: string; address: string; repName: string; repPosition: string; repPhone: string; repEmail: string; contactName: string; contact...' is not assignable to type 'import("C:/Users/Admin/.gemini/antigravity/playground/triple-disk/pgl-audit-system/node_modules/react-hook-form/dist/types/resolvers").ResolverResult<{ companyInfo: { nameVn: string; taxId: string; address: string; repName: string; repPosition: string; repPhone: string; repEmail: string; contactName: string; contact...'. Two different types with this name exist, but they are unrelated.
          Type 'ResolverSuccess<TFieldValues>' is not assignable to type 'ResolverResult<{ companyInfo: { nameVn: string; taxId: string; address: string; repName: string; repPosition: string; repPhone: string; repEmail: string; contactName: string; contactPhone: string; contactEmail: string; ... 8 more ...; shifts?: { ...; } | undefined; }; ... 8 more ...; attachments?: { ...; }[] | undef...'.
            Type 'ResolverSuccess<TFieldValues>' is not assignable to type 'ResolverSuccess<{ companyInfo: { nameVn: string; taxId: string; address: string; repName: string; repPosition: string; repPhone: string; repEmail: string; contactName: string; contactPhone: string; contactEmail: string; ... 8 more ...; shifts?: { ...; } | undefined; }; ... 8 more ...; attachments?: { ...; }[] | unde...'.
              Type 'TFieldValues' is not assignable to type '{ companyInfo: { nameVn: string; taxId: string; address: string; repName: string; repPosition: string; repPhone: string; repEmail: string; contactName: string; contactPhone: string; contactEmail: string; ... 8 more ...; shifts?: { ...; } | undefined; }; ... 8 more ...; attachments?: { ...; }[] | undefined; }'.
                Type 'FieldValues' is missing the following properties from type '{ companyInfo: { nameVn: string; taxId: string; address: string; repName: string; repPosition: string; repPhone: string; repEmail: string; contactName: string; contactPhone: string; contactEmail: string; ... 8 more ...; shifts?: { ...; } | undefined; }; ... 8 more ...; attachments?: { ...; }[] | undefined; }': companyInfo, products, hasOutsourcedProcess, hasOtherSystems, status
src/components/audit/application-form.tsx(346,52): error TS2719: Type 'import("C:/Users/Admin/.gemini/antigravity/playground/triple-disk/pgl-audit-system/node_modules/react-hook-form/dist/types/form").Control<{ companyInfo: { nameVn: string; taxId: string; address: string; repName: string; repPosition: string; repPhone: string; repEmail: string; contactName: string; contactPhone: strin...' is not assignable to type 'import("C:/Users/Admin/.gemini/antigravity/playground/triple-disk/pgl-audit-system/node_modules/react-hook-form/dist/types/form").Control<{ companyInfo: { nameVn: string; taxId: string; address: string; repName: string; repPosition: string; repPhone: string; repEmail: string; contactName: string; contactPhone: strin...'. Two different types with this name exist, but they are unrelated.
  The types of '_options.resolver' are incompatible between these types.
    Type 'import("C:/Users/Admin/.gemini/antigravity/playground/triple-disk/pgl-audit-system/node_modules/react-hook-form/dist/types/resolvers").Resolver<{ companyInfo: { nameVn: string; taxId: string; address: string; repName: string; repPosition: string; repPhone: string; repEmail: string; contactName: string; contactPhone:...' is not assignable to type 'import("C:/Users/Admin/.gemini/antigravity/playground/triple-disk/pgl-audit-system/node_modules/react-hook-form/dist/types/resolvers").Resolver<{ companyInfo: { nameVn: string; taxId: string; address: string; repName: string; repPosition: string; repPhone: string; repEmail: string; contactName: string; contactPhone:...'. Two different types with this name exist, but they are unrelated.
      Type 'import("C:/Users/Admin/.gemini/antigravity/playground/triple-disk/pgl-audit-system/node_modules/react-hook-form/dist/types/resolvers").Resolver<{ companyInfo: { nameVn: string; taxId: string; address: string; repName: string; repPosition: string; repPhone: string; repEmail: string; contactName: string; contactPhone:...' is not assignable to type 'import("C:/Users/Admin/.gemini/antigravity/playground/triple-disk/pgl-audit-system/node_modules/react-hook-form/dist/types/resolvers").Resolver<{ companyInfo: { nameVn: string; taxId: string; address: string; repName: string; repPosition: string; repPhone: string; repEmail: string; contactName: string; contactPhone:...'. Two different types with this name exist, but they are unrelated.
        Type 'import("C:/Users/Admin/.gemini/antigravity/playground/triple-disk/pgl-audit-system/node_modules/react-hook-form/dist/types/resolvers").ResolverResult<{ companyInfo: { nameVn: string; taxId: string; address: string; repName: string; repPosition: string; repPhone: string; repEmail: string; contactName: string; contact...' is not assignable to type 'import("C:/Users/Admin/.gemini/antigravity/playground/triple-disk/pgl-audit-system/node_modules/react-hook-form/dist/types/resolvers").ResolverResult<{ companyInfo: { nameVn: string; taxId: string; address: string; repName: string; repPosition: string; repPhone: string; repEmail: string; contactName: string; contact...'. Two different types with this name exist, but they are unrelated.
          Type 'ResolverSuccess<TFieldValues>' is not assignable to type 'ResolverResult<{ companyInfo: { nameVn: string; taxId: string; address: string; repName: string; repPosition: string; repPhone: string; repEmail: string; contactName: string; contactPhone: string; contactEmail: string; ... 8 more ...; shifts?: { ...; } | undefined; }; ... 8 more ...; attachments?: { ...; }[] | undef...'.
            Type 'ResolverSuccess<TFieldValues>' is not assignable to type 'ResolverSuccess<{ companyInfo: { nameVn: string; taxId: string; address: string; repName: string; repPosition: string; repPhone: string; repEmail: string; contactName: string; contactPhone: string; contactEmail: string; ... 8 more ...; shifts?: { ...; } | undefined; }; ... 8 more ...; attachments?: { ...; }[] | unde...'.
              Type 'TFieldValues' is not assignable to type '{ companyInfo: { nameVn: string; taxId: string; address: string; repName: string; repPosition: string; repPhone: string; repEmail: string; contactName: string; contactPhone: string; contactEmail: string; ... 8 more ...; shifts?: { ...; } | undefined; }; ... 8 more ...; attachments?: { ...; }[] | undefined; }'.
                Type 'FieldValues' is missing the following properties from type '{ companyInfo: { nameVn: string; taxId: string; address: string; repName: string; repPosition: string; repPhone: string; repEmail: string; contactName: string; contactPhone: string; contactEmail: string; ... 8 more ...; shifts?: { ...; } | undefined; }; ... 8 more ...; attachments?: { ...; }[] | undefined; }': companyInfo, products, hasOutsourcedProcess, hasOtherSystems, status
src/components/audit/application-form.tsx(349,52): error TS2719: Type 'import("C:/Users/Admin/.gemini/antigravity/playground/triple-disk/pgl-audit-system/node_modules/react-hook-form/dist/types/form").Control<{ companyInfo: { nameVn: string; taxId: string; address: string; repName: string; repPosition: string; repPhone: string; repEmail: string; contactName: string; contactPhone: strin...' is not assignable to type 'import("C:/Users/Admin/.gemini/antigravity/playground/triple-disk/pgl-audit-system/node_modules/react-hook-form/dist/types/form").Control<{ companyInfo: { nameVn: string; taxId: string; address: string; repName: string; repPosition: string; repPhone: string; repEmail: string; contactName: string; contactPhone: strin...'. Two different types with this name exist, but they are unrelated.
  The types of '_options.resolver' are incompatible between these types.
    Type 'import("C:/Users/Admin/.gemini/antigravity/playground/triple-disk/pgl-audit-system/node_modules/react-hook-form/dist/types/resolvers").Resolver<{ companyInfo: { nameVn: string; taxId: string; address: string; repName: string; repPosition: string; repPhone: string; repEmail: string; contactName: string; contactPhone:...' is not assignable to type 'import("C:/Users/Admin/.gemini/antigravity/playground/triple-disk/pgl-audit-system/node_modules/react-hook-form/dist/types/resolvers").Resolver<{ companyInfo: { nameVn: string; taxId: string; address: string; repName: string; repPosition: string; repPhone: string; repEmail: string; contactName: string; contactPhone:...'. Two different types with this name exist, but they are unrelated.
      Type 'import("C:/Users/Admin/.gemini/antigravity/playground/triple-disk/pgl-audit-system/node_modules/react-hook-form/dist/types/resolvers").Resolver<{ companyInfo: { nameVn: string; taxId: string; address: string; repName: string; repPosition: string; repPhone: string; repEmail: string; contactName: string; contactPhone:...' is not assignable to type 'import("C:/Users/Admin/.gemini/antigravity/playground/triple-disk/pgl-audit-system/node_modules/react-hook-form/dist/types/resolvers").Resolver<{ companyInfo: { nameVn: string; taxId: string; address: string; repName: string; repPosition: string; repPhone: string; repEmail: string; contactName: string; contactPhone:...'. Two different types with this name exist, but they are unrelated.
        Type 'import("C:/Users/Admin/.gemini/antigravity/playground/triple-disk/pgl-audit-system/node_modules/react-hook-form/dist/types/resolvers").ResolverResult<{ companyInfo: { nameVn: string; taxId: string; address: string; repName: string; repPosition: string; repPhone: string; repEmail: string; contactName: string; contact...' is not assignable to type 'import("C:/Users/Admin/.gemini/antigravity/playground/triple-disk/pgl-audit-system/node_modules/react-hook-form/dist/types/resolvers").ResolverResult<{ companyInfo: { nameVn: string; taxId: string; address: string; repName: string; repPosition: string; repPhone: string; repEmail: string; contactName: string; contact...'. Two different types with this name exist, but they are unrelated.
          Type 'ResolverSuccess<TFieldValues>' is not assignable to type 'ResolverResult<{ companyInfo: { nameVn: string; taxId: string; address: string; repName: string; repPosition: string; repPhone: string; repEmail: string; contactName: string; contactPhone: string; contactEmail: string; ... 8 more ...; shifts?: { ...; } | undefined; }; ... 8 more ...; attachments?: { ...; }[] | undef...'.
            Type 'ResolverSuccess<TFieldValues>' is not assignable to type 'ResolverSuccess<{ companyInfo: { nameVn: string; taxId: string; address: string; repName: string; repPosition: string; repPhone: string; repEmail: string; contactName: string; contactPhone: string; contactEmail: string; ... 8 more ...; shifts?: { ...; } | undefined; }; ... 8 more ...; attachments?: { ...; }[] | unde...'.
              Type 'TFieldValues' is not assignable to type '{ companyInfo: { nameVn: string; taxId: string; address: string; repName: string; repPosition: string; repPhone: string; repEmail: string; contactName: string; contactPhone: string; contactEmail: string; ... 8 more ...; shifts?: { ...; } | undefined; }; ... 8 more ...; attachments?: { ...; }[] | undefined; }'.
                Type 'FieldValues' is missing the following properties from type '{ companyInfo: { nameVn: string; taxId: string; address: string; repName: string; repPosition: string; repPhone: string; repEmail: string; contactName: string; contactPhone: string; contactEmail: string; ... 8 more ...; shifts?: { ...; } | undefined; }; ... 8 more ...; attachments?: { ...; }[] | undefined; }': companyInfo, products, hasOutsourcedProcess, hasOtherSystems, status
src/components/audit/application-form.tsx(352,52): error TS2719: Type 'import("C:/Users/Admin/.gemini/antigravity/playground/triple-disk/pgl-audit-system/node_modules/react-hook-form/dist/types/form").Control<{ companyInfo: { nameVn: string; taxId: string; address: string; repName: string; repPosition: string; repPhone: string; repEmail: string; contactName: string; contactPhone: strin...' is not assignable to type 'import("C:/Users/Admin/.gemini/antigravity/playground/triple-disk/pgl-audit-system/node_modules/react-hook-form/dist/types/form").Control<{ companyInfo: { nameVn: string; taxId: string; address: string; repName: string; repPosition: string; repPhone: string; repEmail: string; contactName: string; contactPhone: strin...'. Two different types with this name exist, but they are unrelated.
  The types of '_options.resolver' are incompatible between these types.
    Type 'import("C:/Users/Admin/.gemini/antigravity/playground/triple-disk/pgl-audit-system/node_modules/react-hook-form/dist/types/resolvers").Resolver<{ companyInfo: { nameVn: string; taxId: string; address: string; repName: string; repPosition: string; repPhone: string; repEmail: string; contactName: string; contactPhone:...' is not assignable to type 'import("C:/Users/Admin/.gemini/antigravity/playground/triple-disk/pgl-audit-system/node_modules/react-hook-form/dist/types/resolvers").Resolver<{ companyInfo: { nameVn: string; taxId: string; address: string; repName: string; repPosition: string; repPhone: string; repEmail: string; contactName: string; contactPhone:...'. Two different types with this name exist, but they are unrelated.
      Type 'import("C:/Users/Admin/.gemini/antigravity/playground/triple-disk/pgl-audit-system/node_modules/react-hook-form/dist/types/resolvers").Resolver<{ companyInfo: { nameVn: string; taxId: string; address: string; repName: string; repPosition: string; repPhone: string; repEmail: string; contactName: string; contactPhone:...' is not assignable to type 'import("C:/Users/Admin/.gemini/antigravity/playground/triple-disk/pgl-audit-system/node_modules/react-hook-form/dist/types/resolvers").Resolver<{ companyInfo: { nameVn: string; taxId: string; address: string; repName: string; repPosition: string; repPhone: string; repEmail: string; contactName: string; contactPhone:...'. Two different types with this name exist, but they are unrelated.
        Type 'import("C:/Users/Admin/.gemini/antigravity/playground/triple-disk/pgl-audit-system/node_modules/react-hook-form/dist/types/resolvers").ResolverResult<{ companyInfo: { nameVn: string; taxId: string; address: string; repName: string; repPosition: string; repPhone: string; repEmail: string; contactName: string; contact...' is not assignable to type 'import("C:/Users/Admin/.gemini/antigravity/playground/triple-disk/pgl-audit-system/node_modules/react-hook-form/dist/types/resolvers").ResolverResult<{ companyInfo: { nameVn: string; taxId: string; address: string; repName: string; repPosition: string; repPhone: string; repEmail: string; contactName: string; contact...'. Two different types with this name exist, but they are unrelated.
          Type 'ResolverSuccess<TFieldValues>' is not assignable to type 'ResolverResult<{ companyInfo: { nameVn: string; taxId: string; address: string; repName: string; repPosition: string; repPhone: string; repEmail: string; contactName: string; contactPhone: string; contactEmail: string; ... 8 more ...; shifts?: { ...; } | undefined; }; ... 8 more ...; attachments?: { ...; }[] | undef...'.
            Type 'ResolverSuccess<TFieldValues>' is not assignable to type 'ResolverSuccess<{ companyInfo: { nameVn: string; taxId: string; address: string; repName: string; repPosition: string; repPhone: string; repEmail: string; contactName: string; contactPhone: string; contactEmail: string; ... 8 more ...; shifts?: { ...; } | undefined; }; ... 8 more ...; attachments?: { ...; }[] | unde...'.
              Type 'TFieldValues' is not assignable to type '{ companyInfo: { nameVn: string; taxId: string; address: string; repName: string; repPosition: string; repPhone: string; repEmail: string; contactName: string; contactPhone: string; contactEmail: string; ... 8 more ...; shifts?: { ...; } | undefined; }; ... 8 more ...; attachments?: { ...; }[] | undefined; }'.
                Type 'FieldValues' is missing the following properties from type '{ companyInfo: { nameVn: string; taxId: string; address: string; repName: string; repPosition: string; repPhone: string; repEmail: string; contactName: string; contactPhone: string; contactEmail: string; ... 8 more ...; shifts?: { ...; } | undefined; }; ... 8 more ...; attachments?: { ...; }[] | undefined; }': companyInfo, products, hasOutsourcedProcess, hasOtherSystems, status
src/components/audit/application-form.tsx(392,52): error TS2719: Type 'import("C:/Users/Admin/.gemini/antigravity/playground/triple-disk/pgl-audit-system/node_modules/react-hook-form/dist/types/form").Control<{ companyInfo: { nameVn: string; taxId: string; address: string; repName: string; repPosition: string; repPhone: string; repEmail: string; contactName: string; contactPhone: strin...' is not assignable to type 'import("C:/Users/Admin/.gemini/antigravity/playground/triple-disk/pgl-audit-system/node_modules/react-hook-form/dist/types/form").Control<{ companyInfo: { nameVn: string; taxId: string; address: string; repName: string; repPosition: string; repPhone: string; repEmail: string; contactName: string; contactPhone: strin...'. Two different types with this name exist, but they are unrelated.
  The types of '_options.resolver' are incompatible between these types.
    Type 'import("C:/Users/Admin/.gemini/antigravity/playground/triple-disk/pgl-audit-system/node_modules/react-hook-form/dist/types/resolvers").Resolver<{ companyInfo: { nameVn: string; taxId: string; address: string; repName: string; repPosition: string; repPhone: string; repEmail: string; contactName: string; contactPhone:...' is not assignable to type 'import("C:/Users/Admin/.gemini/antigravity/playground/triple-disk/pgl-audit-system/node_modules/react-hook-form/dist/types/resolvers").Resolver<{ companyInfo: { nameVn: string; taxId: string; address: string; repName: string; repPosition: string; repPhone: string; repEmail: string; contactName: string; contactPhone:...'. Two different types with this name exist, but they are unrelated.
      Type 'import("C:/Users/Admin/.gemini/antigravity/playground/triple-disk/pgl-audit-system/node_modules/react-hook-form/dist/types/resolvers").Resolver<{ companyInfo: { nameVn: string; taxId: string; address: string; repName: string; repPosition: string; repPhone: string; repEmail: string; contactName: string; contactPhone:...' is not assignable to type 'import("C:/Users/Admin/.gemini/antigravity/playground/triple-disk/pgl-audit-system/node_modules/react-hook-form/dist/types/resolvers").Resolver<{ companyInfo: { nameVn: string; taxId: string; address: string; repName: string; repPosition: string; repPhone: string; repEmail: string; contactName: string; contactPhone:...'. Two different types with this name exist, but they are unrelated.
        Type 'import("C:/Users/Admin/.gemini/antigravity/playground/triple-disk/pgl-audit-system/node_modules/react-hook-form/dist/types/resolvers").ResolverResult<{ companyInfo: { nameVn: string; taxId: string; address: string; repName: string; repPosition: string; repPhone: string; repEmail: string; contactName: string; contact...' is not assignable to type 'import("C:/Users/Admin/.gemini/antigravity/playground/triple-disk/pgl-audit-system/node_modules/react-hook-form/dist/types/resolvers").ResolverResult<{ companyInfo: { nameVn: string; taxId: string; address: string; repName: string; repPosition: string; repPhone: string; repEmail: string; contactName: string; contact...'. Two different types with this name exist, but they are unrelated.
          Type 'ResolverSuccess<TFieldValues>' is not assignable to type 'ResolverResult<{ companyInfo: { nameVn: string; taxId: string; address: string; repName: string; repPosition: string; repPhone: string; repEmail: string; contactName: string; contactPhone: string; contactEmail: string; ... 8 more ...; shifts?: { ...; } | undefined; }; ... 8 more ...; attachments?: { ...; }[] | undef...'.
            Type 'ResolverSuccess<TFieldValues>' is not assignable to type 'ResolverSuccess<{ companyInfo: { nameVn: string; taxId: string; address: string; repName: string; repPosition: string; repPhone: string; repEmail: string; contactName: string; contactPhone: string; contactEmail: string; ... 8 more ...; shifts?: { ...; } | undefined; }; ... 8 more ...; attachments?: { ...; }[] | unde...'.
              Type 'TFieldValues' is not assignable to type '{ companyInfo: { nameVn: string; taxId: string; address: string; repName: string; repPosition: string; repPhone: string; repEmail: string; contactName: string; contactPhone: string; contactEmail: string; ... 8 more ...; shifts?: { ...; } | undefined; }; ... 8 more ...; attachments?: { ...; }[] | undefined; }'.
                Type 'FieldValues' is missing the following properties from type '{ companyInfo: { nameVn: string; taxId: string; address: string; repName: string; repPosition: string; repPhone: string; repEmail: string; contactName: string; contactPhone: string; contactEmail: string; ... 8 more ...; shifts?: { ...; } | undefined; }; ... 8 more ...; attachments?: { ...; }[] | undefined; }': companyInfo, products, hasOutsourcedProcess, hasOtherSystems, status
src/components/audit/application-form.tsx(395,52): error TS2719: Type 'import("C:/Users/Admin/.gemini/antigravity/playground/triple-disk/pgl-audit-system/node_modules/react-hook-form/dist/types/form").Control<{ companyInfo: { nameVn: string; taxId: string; address: string; repName: string; repPosition: string; repPhone: string; repEmail: string; contactName: string; contactPhone: strin...' is not assignable to type 'import("C:/Users/Admin/.gemini/antigravity/playground/triple-disk/pgl-audit-system/node_modules/react-hook-form/dist/types/form").Control<{ companyInfo: { nameVn: string; taxId: string; address: string; repName: string; repPosition: string; repPhone: string; repEmail: string; contactName: string; contactPhone: strin...'. Two different types with this name exist, but they are unrelated.
  The types of '_options.resolver' are incompatible between these types.
    Type 'import("C:/Users/Admin/.gemini/antigravity/playground/triple-disk/pgl-audit-system/node_modules/react-hook-form/dist/types/resolvers").Resolver<{ companyInfo: { nameVn: string; taxId: string; address: string; repName: string; repPosition: string; repPhone: string; repEmail: string; contactName: string; contactPhone:...' is not assignable to type 'import("C:/Users/Admin/.gemini/antigravity/playground/triple-disk/pgl-audit-system/node_modules/react-hook-form/dist/types/resolvers").Resolver<{ companyInfo: { nameVn: string; taxId: string; address: string; repName: string; repPosition: string; repPhone: string; repEmail: string; contactName: string; contactPhone:...'. Two different types with this name exist, but they are unrelated.
      Type 'import("C:/Users/Admin/.gemini/antigravity/playground/triple-disk/pgl-audit-system/node_modules/react-hook-form/dist/types/resolvers").Resolver<{ companyInfo: { nameVn: string; taxId: string; address: string; repName: string; repPosition: string; repPhone: string; repEmail: string; contactName: string; contactPhone:...' is not assignable to type 'import("C:/Users/Admin/.gemini/antigravity/playground/triple-disk/pgl-audit-system/node_modules/react-hook-form/dist/types/resolvers").Resolver<{ companyInfo: { nameVn: string; taxId: string; address: string; repName: string; repPosition: string; repPhone: string; repEmail: string; contactName: string; contactPhone:...'. Two different types with this name exist, but they are unrelated.
        Type 'import("C:/Users/Admin/.gemini/antigravity/playground/triple-disk/pgl-audit-system/node_modules/react-hook-form/dist/types/resolvers").ResolverResult<{ companyInfo: { nameVn: string; taxId: string; address: string; repName: string; repPosition: string; repPhone: string; repEmail: string; contactName: string; contact...' is not assignable to type 'import("C:/Users/Admin/.gemini/antigravity/playground/triple-disk/pgl-audit-system/node_modules/react-hook-form/dist/types/resolvers").ResolverResult<{ companyInfo: { nameVn: string; taxId: string; address: string; repName: string; repPosition: string; repPhone: string; repEmail: string; contactName: string; contact...'. Two different types with this name exist, but they are unrelated.
          Type 'ResolverSuccess<TFieldValues>' is not assignable to type 'ResolverResult<{ companyInfo: { nameVn: string; taxId: string; address: string; repName: string; repPosition: string; repPhone: string; repEmail: string; contactName: string; contactPhone: string; contactEmail: string; ... 8 more ...; shifts?: { ...; } | undefined; }; ... 8 more ...; attachments?: { ...; }[] | undef...'.
            Type 'ResolverSuccess<TFieldValues>' is not assignable to type 'ResolverSuccess<{ companyInfo: { nameVn: string; taxId: string; address: string; repName: string; repPosition: string; repPhone: string; repEmail: string; contactName: string; contactPhone: string; contactEmail: string; ... 8 more ...; shifts?: { ...; } | undefined; }; ... 8 more ...; attachments?: { ...; }[] | unde...'.
              Type 'TFieldValues' is not assignable to type '{ companyInfo: { nameVn: string; taxId: string; address: string; repName: string; repPosition: string; repPhone: string; repEmail: string; contactName: string; contactPhone: string; contactEmail: string; ... 8 more ...; shifts?: { ...; } | undefined; }; ... 8 more ...; attachments?: { ...; }[] | undefined; }'.
                Type 'FieldValues' is missing the following properties from type '{ companyInfo: { nameVn: string; taxId: string; address: string; repName: string; repPosition: string; repPhone: string; repEmail: string; contactName: string; contactPhone: string; contactEmail: string; ... 8 more ...; shifts?: { ...; } | undefined; }; ... 8 more ...; attachments?: { ...; }[] | undefined; }': companyInfo, products, hasOutsourcedProcess, hasOtherSystems, status
src/components/audit/application-form.tsx(398,52): error TS2719: Type 'import("C:/Users/Admin/.gemini/antigravity/playground/triple-disk/pgl-audit-system/node_modules/react-hook-form/dist/types/form").Control<{ companyInfo: { nameVn: string; taxId: string; address: string; repName: string; repPosition: string; repPhone: string; repEmail: string; contactName: string; contactPhone: strin...' is not assignable to type 'import("C:/Users/Admin/.gemini/antigravity/playground/triple-disk/pgl-audit-system/node_modules/react-hook-form/dist/types/form").Control<{ companyInfo: { nameVn: string; taxId: string; address: string; repName: string; repPosition: string; repPhone: string; repEmail: string; contactName: string; contactPhone: strin...'. Two different types with this name exist, but they are unrelated.
  The types of '_options.resolver' are incompatible between these types.
    Type 'import("C:/Users/Admin/.gemini/antigravity/playground/triple-disk/pgl-audit-system/node_modules/react-hook-form/dist/types/resolvers").Resolver<{ companyInfo: { nameVn: string; taxId: string; address: string; repName: string; repPosition: string; repPhone: string; repEmail: string; contactName: string; contactPhone:...' is not assignable to type 'import("C:/Users/Admin/.gemini/antigravity/playground/triple-disk/pgl-audit-system/node_modules/react-hook-form/dist/types/resolvers").Resolver<{ companyInfo: { nameVn: string; taxId: string; address: string; repName: string; repPosition: string; repPhone: string; repEmail: string; contactName: string; contactPhone:...'. Two different types with this name exist, but they are unrelated.
      Type 'import("C:/Users/Admin/.gemini/antigravity/playground/triple-disk/pgl-audit-system/node_modules/react-hook-form/dist/types/resolvers").Resolver<{ companyInfo: { nameVn: string; taxId: string; address: string; repName: string; repPosition: string; repPhone: string; repEmail: string; contactName: string; contactPhone:...' is not assignable to type 'import("C:/Users/Admin/.gemini/antigravity/playground/triple-disk/pgl-audit-system/node_modules/react-hook-form/dist/types/resolvers").Resolver<{ companyInfo: { nameVn: string; taxId: string; address: string; repName: string; repPosition: string; repPhone: string; repEmail: string; contactName: string; contactPhone:...'. Two different types with this name exist, but they are unrelated.
        Type 'import("C:/Users/Admin/.gemini/antigravity/playground/triple-disk/pgl-audit-system/node_modules/react-hook-form/dist/types/resolvers").ResolverResult<{ companyInfo: { nameVn: string; taxId: string; address: string; repName: string; repPosition: string; repPhone: string; repEmail: string; contactName: string; contact...' is not assignable to type 'import("C:/Users/Admin/.gemini/antigravity/playground/triple-disk/pgl-audit-system/node_modules/react-hook-form/dist/types/resolvers").ResolverResult<{ companyInfo: { nameVn: string; taxId: string; address: string; repName: string; repPosition: string; repPhone: string; repEmail: string; contactName: string; contact...'. Two different types with this name exist, but they are unrelated.
          Type 'ResolverSuccess<TFieldValues>' is not assignable to type 'ResolverResult<{ companyInfo: { nameVn: string; taxId: string; address: string; repName: string; repPosition: string; repPhone: string; repEmail: string; contactName: string; contactPhone: string; contactEmail: string; ... 8 more ...; shifts?: { ...; } | undefined; }; ... 8 more ...; attachments?: { ...; }[] | undef...'.
            Type 'ResolverSuccess<TFieldValues>' is not assignable to type 'ResolverSuccess<{ companyInfo: { nameVn: string; taxId: string; address: string; repName: string; repPosition: string; repPhone: string; repEmail: string; contactName: string; contactPhone: string; contactEmail: string; ... 8 more ...; shifts?: { ...; } | undefined; }; ... 8 more ...; attachments?: { ...; }[] | unde...'.
              Type 'TFieldValues' is not assignable to type '{ companyInfo: { nameVn: string; taxId: string; address: string; repName: string; repPosition: string; repPhone: string; repEmail: string; contactName: string; contactPhone: string; contactEmail: string; ... 8 more ...; shifts?: { ...; } | undefined; }; ... 8 more ...; attachments?: { ...; }[] | undefined; }'.
                Type 'FieldValues' is missing the following properties from type '{ companyInfo: { nameVn: string; taxId: string; address: string; repName: string; repPosition: string; repPhone: string; repEmail: string; contactName: string; contactPhone: string; contactEmail: string; ... 8 more ...; shifts?: { ...; } | undefined; }; ... 8 more ...; attachments?: { ...; }[] | undefined; }': companyInfo, products, hasOutsourcedProcess, hasOtherSystems, status
src/components/audit/application-form.tsx(401,52): error TS2719: Type 'import("C:/Users/Admin/.gemini/antigravity/playground/triple-disk/pgl-audit-system/node_modules/react-hook-form/dist/types/form").Control<{ companyInfo: { nameVn: string; taxId: string; address: string; repName: string; repPosition: string; repPhone: string; repEmail: string; contactName: string; contactPhone: strin...' is not assignable to type 'import("C:/Users/Admin/.gemini/antigravity/playground/triple-disk/pgl-audit-system/node_modules/react-hook-form/dist/types/form").Control<{ companyInfo: { nameVn: string; taxId: string; address: string; repName: string; repPosition: string; repPhone: string; repEmail: string; contactName: string; contactPhone: strin...'. Two different types with this name exist, but they are unrelated.
  The types of '_options.resolver' are incompatible between these types.
    Type 'import("C:/Users/Admin/.gemini/antigravity/playground/triple-disk/pgl-audit-system/node_modules/react-hook-form/dist/types/resolvers").Resolver<{ companyInfo: { nameVn: string; taxId: string; address: string; repName: string; repPosition: string; repPhone: string; repEmail: string; contactName: string; contactPhone:...' is not assignable to type 'import("C:/Users/Admin/.gemini/antigravity/playground/triple-disk/pgl-audit-system/node_modules/react-hook-form/dist/types/resolvers").Resolver<{ companyInfo: { nameVn: string; taxId: string; address: string; repName: string; repPosition: string; repPhone: string; repEmail: string; contactName: string; contactPhone:...'. Two different types with this name exist, but they are unrelated.
      Type 'import("C:/Users/Admin/.gemini/antigravity/playground/triple-disk/pgl-audit-system/node_modules/react-hook-form/dist/types/resolvers").Resolver<{ companyInfo: { nameVn: string; taxId: string; address: string; repName: string; repPosition: string; repPhone: string; repEmail: string; contactName: string; contactPhone:...' is not assignable to type 'import("C:/Users/Admin/.gemini/antigravity/playground/triple-disk/pgl-audit-system/node_modules/react-hook-form/dist/types/resolvers").Resolver<{ companyInfo: { nameVn: string; taxId: string; address: string; repName: string; repPosition: string; repPhone: string; repEmail: string; contactName: string; contactPhone:...'. Two different types with this name exist, but they are unrelated.
        Type 'import("C:/Users/Admin/.gemini/antigravity/playground/triple-disk/pgl-audit-system/node_modules/react-hook-form/dist/types/resolvers").ResolverResult<{ companyInfo: { nameVn: string; taxId: string; address: string; repName: string; repPosition: string; repPhone: string; repEmail: string; contactName: string; contact...' is not assignable to type 'import("C:/Users/Admin/.gemini/antigravity/playground/triple-disk/pgl-audit-system/node_modules/react-hook-form/dist/types/resolvers").ResolverResult<{ companyInfo: { nameVn: string; taxId: string; address: string; repName: string; repPosition: string; repPhone: string; repEmail: string; contactName: string; contact...'. Two different types with this name exist, but they are unrelated.
          Type 'ResolverSuccess<TFieldValues>' is not assignable to type 'ResolverResult<{ companyInfo: { nameVn: string; taxId: string; address: string; repName: string; repPosition: string; repPhone: string; repEmail: string; contactName: string; contactPhone: string; contactEmail: string; ... 8 more ...; shifts?: { ...; } | undefined; }; ... 8 more ...; attachments?: { ...; }[] | undef...'.
            Type 'ResolverSuccess<TFieldValues>' is not assignable to type 'ResolverSuccess<{ companyInfo: { nameVn: string; taxId: string; address: string; repName: string; repPosition: string; repPhone: string; repEmail: string; contactName: string; contactPhone: string; contactEmail: string; ... 8 more ...; shifts?: { ...; } | undefined; }; ... 8 more ...; attachments?: { ...; }[] | unde...'.
              Type 'TFieldValues' is not assignable to type '{ companyInfo: { nameVn: string; taxId: string; address: string; repName: string; repPosition: string; repPhone: string; repEmail: string; contactName: string; contactPhone: string; contactEmail: string; ... 8 more ...; shifts?: { ...; } | undefined; }; ... 8 more ...; attachments?: { ...; }[] | undefined; }'.
                Type 'FieldValues' is missing the following properties from type '{ companyInfo: { nameVn: string; taxId: string; address: string; repName: string; repPosition: string; repPhone: string; repEmail: string; contactName: string; contactPhone: string; contactEmail: string; ... 8 more ...; shifts?: { ...; } | undefined; }; ... 8 more ...; attachments?: { ...; }[] | undefined; }': companyInfo, products, hasOutsourcedProcess, hasOtherSystems, status
src/components/audit/application-form.tsx(414,52): error TS2719: Type 'import("C:/Users/Admin/.gemini/antigravity/playground/triple-disk/pgl-audit-system/node_modules/react-hook-form/dist/types/form").Control<{ companyInfo: { nameVn: string; taxId: string; address: string; repName: string; repPosition: string; repPhone: string; repEmail: string; contactName: string; contactPhone: strin...' is not assignable to type 'import("C:/Users/Admin/.gemini/antigravity/playground/triple-disk/pgl-audit-system/node_modules/react-hook-form/dist/types/form").Control<{ companyInfo: { nameVn: string; taxId: string; address: string; repName: string; repPosition: string; repPhone: string; repEmail: string; contactName: string; contactPhone: strin...'. Two different types with this name exist, but they are unrelated.
  The types of '_options.resolver' are incompatible between these types.
    Type 'import("C:/Users/Admin/.gemini/antigravity/playground/triple-disk/pgl-audit-system/node_modules/react-hook-form/dist/types/resolvers").Resolver<{ companyInfo: { nameVn: string; taxId: string; address: string; repName: string; repPosition: string; repPhone: string; repEmail: string; contactName: string; contactPhone:...' is not assignable to type 'import("C:/Users/Admin/.gemini/antigravity/playground/triple-disk/pgl-audit-system/node_modules/react-hook-form/dist/types/resolvers").Resolver<{ companyInfo: { nameVn: string; taxId: string; address: string; repName: string; repPosition: string; repPhone: string; repEmail: string; contactName: string; contactPhone:...'. Two different types with this name exist, but they are unrelated.
      Type 'import("C:/Users/Admin/.gemini/antigravity/playground/triple-disk/pgl-audit-system/node_modules/react-hook-form/dist/types/resolvers").Resolver<{ companyInfo: { nameVn: string; taxId: string; address: string; repName: string; repPosition: string; repPhone: string; repEmail: string; contactName: string; contactPhone:...' is not assignable to type 'import("C:/Users/Admin/.gemini/antigravity/playground/triple-disk/pgl-audit-system/node_modules/react-hook-form/dist/types/resolvers").Resolver<{ companyInfo: { nameVn: string; taxId: string; address: string; repName: string; repPosition: string; repPhone: string; repEmail: string; contactName: string; contactPhone:...'. Two different types with this name exist, but they are unrelated.
        Type 'import("C:/Users/Admin/.gemini/antigravity/playground/triple-disk/pgl-audit-system/node_modules/react-hook-form/dist/types/resolvers").ResolverResult<{ companyInfo: { nameVn: string; taxId: string; address: string; repName: string; repPosition: string; repPhone: string; repEmail: string; contactName: string; contact...' is not assignable to type 'import("C:/Users/Admin/.gemini/antigravity/playground/triple-disk/pgl-audit-system/node_modules/react-hook-form/dist/types/resolvers").ResolverResult<{ companyInfo: { nameVn: string; taxId: string; address: string; repName: string; repPosition: string; repPhone: string; repEmail: string; contactName: string; contact...'. Two different types with this name exist, but they are unrelated.
          Type 'ResolverSuccess<TFieldValues>' is not assignable to type 'ResolverResult<{ companyInfo: { nameVn: string; taxId: string; address: string; repName: string; repPosition: string; repPhone: string; repEmail: string; contactName: string; contactPhone: string; contactEmail: string; ... 8 more ...; shifts?: { ...; } | undefined; }; ... 8 more ...; attachments?: { ...; }[] | undef...'.
            Type 'ResolverSuccess<TFieldValues>' is not assignable to type 'ResolverSuccess<{ companyInfo: { nameVn: string; taxId: string; address: string; repName: string; repPosition: string; repPhone: string; repEmail: string; contactName: string; contactPhone: string; contactEmail: string; ... 8 more ...; shifts?: { ...; } | undefined; }; ... 8 more ...; attachments?: { ...; }[] | unde...'.
              Type 'TFieldValues' is not assignable to type '{ companyInfo: { nameVn: string; taxId: string; address: string; repName: string; repPosition: string; repPhone: string; repEmail: string; contactName: string; contactPhone: string; contactEmail: string; ... 8 more ...; shifts?: { ...; } | undefined; }; ... 8 more ...; attachments?: { ...; }[] | undefined; }'.
                Type 'FieldValues' is missing the following properties from type '{ companyInfo: { nameVn: string; taxId: string; address: string; repName: string; repPosition: string; repPhone: string; repEmail: string; contactName: string; contactPhone: string; contactEmail: string; ... 8 more ...; shifts?: { ...; } | undefined; }; ... 8 more ...; attachments?: { ...; }[] | undefined; }': companyInfo, products, hasOutsourcedProcess, hasOtherSystems, status
src/components/audit/application-form.tsx(417,52): error TS2719: Type 'import("C:/Users/Admin/.gemini/antigravity/playground/triple-disk/pgl-audit-system/node_modules/react-hook-form/dist/types/form").Control<{ companyInfo: { nameVn: string; taxId: string; address: string; repName: string; repPosition: string; repPhone: string; repEmail: string; contactName: string; contactPhone: strin...' is not assignable to type 'import("C:/Users/Admin/.gemini/antigravity/playground/triple-disk/pgl-audit-system/node_modules/react-hook-form/dist/types/form").Control<{ companyInfo: { nameVn: string; taxId: string; address: string; repName: string; repPosition: string; repPhone: string; repEmail: string; contactName: string; contactPhone: strin...'. Two different types with this name exist, but they are unrelated.
  The types of '_options.resolver' are incompatible between these types.
    Type 'import("C:/Users/Admin/.gemini/antigravity/playground/triple-disk/pgl-audit-system/node_modules/react-hook-form/dist/types/resolvers").Resolver<{ companyInfo: { nameVn: string; taxId: string; address: string; repName: string; repPosition: string; repPhone: string; repEmail: string; contactName: string; contactPhone:...' is not assignable to type 'import("C:/Users/Admin/.gemini/antigravity/playground/triple-disk/pgl-audit-system/node_modules/react-hook-form/dist/types/resolvers").Resolver<{ companyInfo: { nameVn: string; taxId: string; address: string; repName: string; repPosition: string; repPhone: string; repEmail: string; contactName: string; contactPhone:...'. Two different types with this name exist, but they are unrelated.
      Type 'import("C:/Users/Admin/.gemini/antigravity/playground/triple-disk/pgl-audit-system/node_modules/react-hook-form/dist/types/resolvers").Resolver<{ companyInfo: { nameVn: string; taxId: string; address: string; repName: string; repPosition: string; repPhone: string; repEmail: string; contactName: string; contactPhone:...' is not assignable to type 'import("C:/Users/Admin/.gemini/antigravity/playground/triple-disk/pgl-audit-system/node_modules/react-hook-form/dist/types/resolvers").Resolver<{ companyInfo: { nameVn: string; taxId: string; address: string; repName: string; repPosition: string; repPhone: string; repEmail: string; contactName: string; contactPhone:...'. Two different types with this name exist, but they are unrelated.
        Type 'import("C:/Users/Admin/.gemini/antigravity/playground/triple-disk/pgl-audit-system/node_modules/react-hook-form/dist/types/resolvers").ResolverResult<{ companyInfo: { nameVn: string; taxId: string; address: string; repName: string; repPosition: string; repPhone: string; repEmail: string; contactName: string; contact...' is not assignable to type 'import("C:/Users/Admin/.gemini/antigravity/playground/triple-disk/pgl-audit-system/node_modules/react-hook-form/dist/types/resolvers").ResolverResult<{ companyInfo: { nameVn: string; taxId: string; address: string; repName: string; repPosition: string; repPhone: string; repEmail: string; contactName: string; contact...'. Two different types with this name exist, but they are unrelated.
          Type 'ResolverSuccess<TFieldValues>' is not assignable to type 'ResolverResult<{ companyInfo: { nameVn: string; taxId: string; address: string; repName: string; repPosition: string; repPhone: string; repEmail: string; contactName: string; contactPhone: string; contactEmail: string; ... 8 more ...; shifts?: { ...; } | undefined; }; ... 8 more ...; attachments?: { ...; }[] | undef...'.
            Type 'ResolverSuccess<TFieldValues>' is not assignable to type 'ResolverSuccess<{ companyInfo: { nameVn: string; taxId: string; address: string; repName: string; repPosition: string; repPhone: string; repEmail: string; contactName: string; contactPhone: string; contactEmail: string; ... 8 more ...; shifts?: { ...; } | undefined; }; ... 8 more ...; attachments?: { ...; }[] | unde...'.
              Type 'TFieldValues' is not assignable to type '{ companyInfo: { nameVn: string; taxId: string; address: string; repName: string; repPosition: string; repPhone: string; repEmail: string; contactName: string; contactPhone: string; contactEmail: string; ... 8 more ...; shifts?: { ...; } | undefined; }; ... 8 more ...; attachments?: { ...; }[] | undefined; }'.
                Type 'FieldValues' is missing the following properties from type '{ companyInfo: { nameVn: string; taxId: string; address: string; repName: string; repPosition: string; repPhone: string; repEmail: string; contactName: string; contactPhone: string; contactEmail: string; ... 8 more ...; shifts?: { ...; } | undefined; }; ... 8 more ...; attachments?: { ...; }[] | undefined; }': companyInfo, products, hasOutsourcedProcess, hasOtherSystems, status
src/components/audit/application-form.tsx(431,44): error TS2719: Type 'import("C:/Users/Admin/.gemini/antigravity/playground/triple-disk/pgl-audit-system/node_modules/react-hook-form/dist/types/form").Control<{ companyInfo: { nameVn: string; taxId: string; address: string; repName: string; repPosition: string; repPhone: string; repEmail: string; contactName: string; contactPhone: strin...' is not assignable to type 'import("C:/Users/Admin/.gemini/antigravity/playground/triple-disk/pgl-audit-system/node_modules/react-hook-form/dist/types/form").Control<{ companyInfo: { nameVn: string; taxId: string; address: string; repName: string; repPosition: string; repPhone: string; repEmail: string; contactName: string; contactPhone: strin...'. Two different types with this name exist, but they are unrelated.
  The types of '_options.resolver' are incompatible between these types.
    Type 'import("C:/Users/Admin/.gemini/antigravity/playground/triple-disk/pgl-audit-system/node_modules/react-hook-form/dist/types/resolvers").Resolver<{ companyInfo: { nameVn: string; taxId: string; address: string; repName: string; repPosition: string; repPhone: string; repEmail: string; contactName: string; contactPhone:...' is not assignable to type 'import("C:/Users/Admin/.gemini/antigravity/playground/triple-disk/pgl-audit-system/node_modules/react-hook-form/dist/types/resolvers").Resolver<{ companyInfo: { nameVn: string; taxId: string; address: string; repName: string; repPosition: string; repPhone: string; repEmail: string; contactName: string; contactPhone:...'. Two different types with this name exist, but they are unrelated.
      Type 'import("C:/Users/Admin/.gemini/antigravity/playground/triple-disk/pgl-audit-system/node_modules/react-hook-form/dist/types/resolvers").Resolver<{ companyInfo: { nameVn: string; taxId: string; address: string; repName: string; repPosition: string; repPhone: string; repEmail: string; contactName: string; contactPhone:...' is not assignable to type 'import("C:/Users/Admin/.gemini/antigravity/playground/triple-disk/pgl-audit-system/node_modules/react-hook-form/dist/types/resolvers").Resolver<{ companyInfo: { nameVn: string; taxId: string; address: string; repName: string; repPosition: string; repPhone: string; repEmail: string; contactName: string; contactPhone:...'. Two different types with this name exist, but they are unrelated.
        Type 'import("C:/Users/Admin/.gemini/antigravity/playground/triple-disk/pgl-audit-system/node_modules/react-hook-form/dist/types/resolvers").ResolverResult<{ companyInfo: { nameVn: string; taxId: string; address: string; repName: string; repPosition: string; repPhone: string; repEmail: string; contactName: string; contact...' is not assignable to type 'import("C:/Users/Admin/.gemini/antigravity/playground/triple-disk/pgl-audit-system/node_modules/react-hook-form/dist/types/resolvers").ResolverResult<{ companyInfo: { nameVn: string; taxId: string; address: string; repName: string; repPosition: string; repPhone: string; repEmail: string; contactName: string; contact...'. Two different types with this name exist, but they are unrelated.
          Type 'ResolverSuccess<TFieldValues>' is not assignable to type 'ResolverResult<{ companyInfo: { nameVn: string; taxId: string; address: string; repName: string; repPosition: string; repPhone: string; repEmail: string; contactName: string; contactPhone: string; contactEmail: string; ... 8 more ...; shifts?: { ...; } | undefined; }; ... 8 more ...; attachments?: { ...; }[] | undef...'.
            Type 'ResolverSuccess<TFieldValues>' is not assignable to type 'ResolverSuccess<{ companyInfo: { nameVn: string; taxId: string; address: string; repName: string; repPosition: string; repPhone: string; repEmail: string; contactName: string; contactPhone: string; contactEmail: string; ... 8 more ...; shifts?: { ...; } | undefined; }; ... 8 more ...; attachments?: { ...; }[] | unde...'.
              Type 'TFieldValues' is not assignable to type '{ companyInfo: { nameVn: string; taxId: string; address: string; repName: string; repPosition: string; repPhone: string; repEmail: string; contactName: string; contactPhone: string; contactEmail: string; ... 8 more ...; shifts?: { ...; } | undefined; }; ... 8 more ...; attachments?: { ...; }[] | undefined; }'.
                Type 'FieldValues' is missing the following properties from type '{ companyInfo: { nameVn: string; taxId: string; address: string; repName: string; repPosition: string; repPhone: string; repEmail: string; contactName: string; contactPhone: string; contactEmail: string; ... 8 more ...; shifts?: { ...; } | undefined; }; ... 8 more ...; attachments?: { ...; }[] | undefined; }': companyInfo, products, hasOutsourcedProcess, hasOtherSystems, status
src/components/audit/application-form.tsx(441,48): error TS2719: Type 'import("C:/Users/Admin/.gemini/antigravity/playground/triple-disk/pgl-audit-system/node_modules/react-hook-form/dist/types/form").Control<{ companyInfo: { nameVn: string; taxId: string; address: string; repName: string; repPosition: string; repPhone: string; repEmail: string; contactName: string; contactPhone: strin...' is not assignable to type 'import("C:/Users/Admin/.gemini/antigravity/playground/triple-disk/pgl-audit-system/node_modules/react-hook-form/dist/types/form").Control<{ companyInfo: { nameVn: string; taxId: string; address: string; repName: string; repPosition: string; repPhone: string; repEmail: string; contactName: string; contactPhone: strin...'. Two different types with this name exist, but they are unrelated.
  The types of '_options.resolver' are incompatible between these types.
    Type 'import("C:/Users/Admin/.gemini/antigravity/playground/triple-disk/pgl-audit-system/node_modules/react-hook-form/dist/types/resolvers").Resolver<{ companyInfo: { nameVn: string; taxId: string; address: string; repName: string; repPosition: string; repPhone: string; repEmail: string; contactName: string; contactPhone:...' is not assignable to type 'import("C:/Users/Admin/.gemini/antigravity/playground/triple-disk/pgl-audit-system/node_modules/react-hook-form/dist/types/resolvers").Resolver<{ companyInfo: { nameVn: string; taxId: string; address: string; repName: string; repPosition: string; repPhone: string; repEmail: string; contactName: string; contactPhone:...'. Two different types with this name exist, but they are unrelated.
      Type 'import("C:/Users/Admin/.gemini/antigravity/playground/triple-disk/pgl-audit-system/node_modules/react-hook-form/dist/types/resolvers").Resolver<{ companyInfo: { nameVn: string; taxId: string; address: string; repName: string; repPosition: string; repPhone: string; repEmail: string; contactName: string; contactPhone:...' is not assignable to type 'import("C:/Users/Admin/.gemini/antigravity/playground/triple-disk/pgl-audit-system/node_modules/react-hook-form/dist/types/resolvers").Resolver<{ companyInfo: { nameVn: string; taxId: string; address: string; repName: string; repPosition: string; repPhone: string; repEmail: string; contactName: string; contactPhone:...'. Two different types with this name exist, but they are unrelated.
        Type 'import("C:/Users/Admin/.gemini/antigravity/playground/triple-disk/pgl-audit-system/node_modules/react-hook-form/dist/types/resolvers").ResolverResult<{ companyInfo: { nameVn: string; taxId: string; address: string; repName: string; repPosition: string; repPhone: string; repEmail: string; contactName: string; contact...' is not assignable to type 'import("C:/Users/Admin/.gemini/antigravity/playground/triple-disk/pgl-audit-system/node_modules/react-hook-form/dist/types/resolvers").ResolverResult<{ companyInfo: { nameVn: string; taxId: string; address: string; repName: string; repPosition: string; repPhone: string; repEmail: string; contactName: string; contact...'. Two different types with this name exist, but they are unrelated.
          Type 'ResolverSuccess<TFieldValues>' is not assignable to type 'ResolverResult<{ companyInfo: { nameVn: string; taxId: string; address: string; repName: string; repPosition: string; repPhone: string; repEmail: string; contactName: string; contactPhone: string; contactEmail: string; ... 8 more ...; shifts?: { ...; } | undefined; }; ... 8 more ...; attachments?: { ...; }[] | undef...'.
            Type 'ResolverSuccess<TFieldValues>' is not assignable to type 'ResolverSuccess<{ companyInfo: { nameVn: string; taxId: string; address: string; repName: string; repPosition: string; repPhone: string; repEmail: string; contactName: string; contactPhone: string; contactEmail: string; ... 8 more ...; shifts?: { ...; } | undefined; }; ... 8 more ...; attachments?: { ...; }[] | unde...'.
              Type 'TFieldValues' is not assignable to type '{ companyInfo: { nameVn: string; taxId: string; address: string; repName: string; repPosition: string; repPhone: string; repEmail: string; contactName: string; contactPhone: string; contactEmail: string; ... 8 more ...; shifts?: { ...; } | undefined; }; ... 8 more ...; attachments?: { ...; }[] | undefined; }'.
                Type 'FieldValues' is missing the following properties from type '{ companyInfo: { nameVn: string; taxId: string; address: string; repName: string; repPosition: string; repPhone: string; repEmail: string; contactName: string; contactPhone: string; contactEmail: string; ... 8 more ...; shifts?: { ...; } | undefined; }; ... 8 more ...; attachments?: { ...; }[] | undefined; }': companyInfo, products, hasOutsourcedProcess, hasOtherSystems, status
src/components/audit/application-form.tsx(476,52): error TS2719: Type 'import("C:/Users/Admin/.gemini/antigravity/playground/triple-disk/pgl-audit-system/node_modules/react-hook-form/dist/types/form").Control<{ companyInfo: { nameVn: string; taxId: string; address: string; repName: string; repPosition: string; repPhone: string; repEmail: string; contactName: string; contactPhone: strin...' is not assignable to type 'import("C:/Users/Admin/.gemini/antigravity/playground/triple-disk/pgl-audit-system/node_modules/react-hook-form/dist/types/form").Control<{ companyInfo: { nameVn: string; taxId: string; address: string; repName: string; repPosition: string; repPhone: string; repEmail: string; contactName: string; contactPhone: strin...'. Two different types with this name exist, but they are unrelated.
  The types of '_options.resolver' are incompatible between these types.
    Type 'import("C:/Users/Admin/.gemini/antigravity/playground/triple-disk/pgl-audit-system/node_modules/react-hook-form/dist/types/resolvers").Resolver<{ companyInfo: { nameVn: string; taxId: string; address: string; repName: string; repPosition: string; repPhone: string; repEmail: string; contactName: string; contactPhone:...' is not assignable to type 'import("C:/Users/Admin/.gemini/antigravity/playground/triple-disk/pgl-audit-system/node_modules/react-hook-form/dist/types/resolvers").Resolver<{ companyInfo: { nameVn: string; taxId: string; address: string; repName: string; repPosition: string; repPhone: string; repEmail: string; contactName: string; contactPhone:...'. Two different types with this name exist, but they are unrelated.
      Type 'import("C:/Users/Admin/.gemini/antigravity/playground/triple-disk/pgl-audit-system/node_modules/react-hook-form/dist/types/resolvers").Resolver<{ companyInfo: { nameVn: string; taxId: string; address: string; repName: string; repPosition: string; repPhone: string; repEmail: string; contactName: string; contactPhone:...' is not assignable to type 'import("C:/Users/Admin/.gemini/antigravity/playground/triple-disk/pgl-audit-system/node_modules/react-hook-form/dist/types/resolvers").Resolver<{ companyInfo: { nameVn: string; taxId: string; address: string; repName: string; repPosition: string; repPhone: string; repEmail: string; contactName: string; contactPhone:...'. Two different types with this name exist, but they are unrelated.
        Type 'import("C:/Users/Admin/.gemini/antigravity/playground/triple-disk/pgl-audit-system/node_modules/react-hook-form/dist/types/resolvers").ResolverResult<{ companyInfo: { nameVn: string; taxId: string; address: string; repName: string; repPosition: string; repPhone: string; repEmail: string; contactName: string; contact...' is not assignable to type 'import("C:/Users/Admin/.gemini/antigravity/playground/triple-disk/pgl-audit-system/node_modules/react-hook-form/dist/types/resolvers").ResolverResult<{ companyInfo: { nameVn: string; taxId: string; address: string; repName: string; repPosition: string; repPhone: string; repEmail: string; contactName: string; contact...'. Two different types with this name exist, but they are unrelated.
          Type 'ResolverSuccess<TFieldValues>' is not assignable to type 'ResolverResult<{ companyInfo: { nameVn: string; taxId: string; address: string; repName: string; repPosition: string; repPhone: string; repEmail: string; contactName: string; contactPhone: string; contactEmail: string; ... 8 more ...; shifts?: { ...; } | undefined; }; ... 8 more ...; attachments?: { ...; }[] | undef...'.
            Type 'ResolverSuccess<TFieldValues>' is not assignable to type 'ResolverSuccess<{ companyInfo: { nameVn: string; taxId: string; address: string; repName: string; repPosition: string; repPhone: string; repEmail: string; contactName: string; contactPhone: string; contactEmail: string; ... 8 more ...; shifts?: { ...; } | undefined; }; ... 8 more ...; attachments?: { ...; }[] | unde...'.
              Type 'TFieldValues' is not assignable to type '{ companyInfo: { nameVn: string; taxId: string; address: string; repName: string; repPosition: string; repPhone: string; repEmail: string; contactName: string; contactPhone: string; contactEmail: string; ... 8 more ...; shifts?: { ...; } | undefined; }; ... 8 more ...; attachments?: { ...; }[] | undefined; }'.
                Type 'FieldValues' is missing the following properties from type '{ companyInfo: { nameVn: string; taxId: string; address: string; repName: string; repPosition: string; repPhone: string; repEmail: string; contactName: string; contactPhone: string; contactEmail: string; ... 8 more ...; shifts?: { ...; } | undefined; }; ... 8 more ...; attachments?: { ...; }[] | undefined; }': companyInfo, products, hasOutsourcedProcess, hasOtherSystems, status
src/components/audit/application-form.tsx(479,52): error TS2719: Type 'import("C:/Users/Admin/.gemini/antigravity/playground/triple-disk/pgl-audit-system/node_modules/react-hook-form/dist/types/form").Control<{ companyInfo: { nameVn: string; taxId: string; address: string; repName: string; repPosition: string; repPhone: string; repEmail: string; contactName: string; contactPhone: strin...' is not assignable to type 'import("C:/Users/Admin/.gemini/antigravity/playground/triple-disk/pgl-audit-system/node_modules/react-hook-form/dist/types/form").Control<{ companyInfo: { nameVn: string; taxId: string; address: string; repName: string; repPosition: string; repPhone: string; repEmail: string; contactName: string; contactPhone: strin...'. Two different types with this name exist, but they are unrelated.
  The types of '_options.resolver' are incompatible between these types.
    Type 'import("C:/Users/Admin/.gemini/antigravity/playground/triple-disk/pgl-audit-system/node_modules/react-hook-form/dist/types/resolvers").Resolver<{ companyInfo: { nameVn: string; taxId: string; address: string; repName: string; repPosition: string; repPhone: string; repEmail: string; contactName: string; contactPhone:...' is not assignable to type 'import("C:/Users/Admin/.gemini/antigravity/playground/triple-disk/pgl-audit-system/node_modules/react-hook-form/dist/types/resolvers").Resolver<{ companyInfo: { nameVn: string; taxId: string; address: string; repName: string; repPosition: string; repPhone: string; repEmail: string; contactName: string; contactPhone:...'. Two different types with this name exist, but they are unrelated.
      Type 'import("C:/Users/Admin/.gemini/antigravity/playground/triple-disk/pgl-audit-system/node_modules/react-hook-form/dist/types/resolvers").Resolver<{ companyInfo: { nameVn: string; taxId: string; address: string; repName: string; repPosition: string; repPhone: string; repEmail: string; contactName: string; contactPhone:...' is not assignable to type 'import("C:/Users/Admin/.gemini/antigravity/playground/triple-disk/pgl-audit-system/node_modules/react-hook-form/dist/types/resolvers").Resolver<{ companyInfo: { nameVn: string; taxId: string; address: string; repName: string; repPosition: string; repPhone: string; repEmail: string; contactName: string; contactPhone:...'. Two different types with this name exist, but they are unrelated.
        Type 'import("C:/Users/Admin/.gemini/antigravity/playground/triple-disk/pgl-audit-system/node_modules/react-hook-form/dist/types/resolvers").ResolverResult<{ companyInfo: { nameVn: string; taxId: string; address: string; repName: string; repPosition: string; repPhone: string; repEmail: string; contactName: string; contact...' is not assignable to type 'import("C:/Users/Admin/.gemini/antigravity/playground/triple-disk/pgl-audit-system/node_modules/react-hook-form/dist/types/resolvers").ResolverResult<{ companyInfo: { nameVn: string; taxId: string; address: string; repName: string; repPosition: string; repPhone: string; repEmail: string; contactName: string; contact...'. Two different types with this name exist, but they are unrelated.
          Type 'ResolverSuccess<TFieldValues>' is not assignable to type 'ResolverResult<{ companyInfo: { nameVn: string; taxId: string; address: string; repName: string; repPosition: string; repPhone: string; repEmail: string; contactName: string; contactPhone: string; contactEmail: string; ... 8 more ...; shifts?: { ...; } | undefined; }; ... 8 more ...; attachments?: { ...; }[] | undef...'.
            Type 'ResolverSuccess<TFieldValues>' is not assignable to type 'ResolverSuccess<{ companyInfo: { nameVn: string; taxId: string; address: string; repName: string; repPosition: string; repPhone: string; repEmail: string; contactName: string; contactPhone: string; contactEmail: string; ... 8 more ...; shifts?: { ...; } | undefined; }; ... 8 more ...; attachments?: { ...; }[] | unde...'.
              Type 'TFieldValues' is not assignable to type '{ companyInfo: { nameVn: string; taxId: string; address: string; repName: string; repPosition: string; repPhone: string; repEmail: string; contactName: string; contactPhone: string; contactEmail: string; ... 8 more ...; shifts?: { ...; } | undefined; }; ... 8 more ...; attachments?: { ...; }[] | undefined; }'.
                Type 'FieldValues' is missing the following properties from type '{ companyInfo: { nameVn: string; taxId: string; address: string; repName: string; repPosition: string; repPhone: string; repEmail: string; contactName: string; contactPhone: string; contactEmail: string; ... 8 more ...; shifts?: { ...; } | undefined; }; ... 8 more ...; attachments?: { ...; }[] | undefined; }': companyInfo, products, hasOutsourcedProcess, hasOtherSystems, status
src/components/audit/application-form.tsx(482,52): error TS2719: Type 'import("C:/Users/Admin/.gemini/antigravity/playground/triple-disk/pgl-audit-system/node_modules/react-hook-form/dist/types/form").Control<{ companyInfo: { nameVn: string; taxId: string; address: string; repName: string; repPosition: string; repPhone: string; repEmail: string; contactName: string; contactPhone: strin...' is not assignable to type 'import("C:/Users/Admin/.gemini/antigravity/playground/triple-disk/pgl-audit-system/node_modules/react-hook-form/dist/types/form").Control<{ companyInfo: { nameVn: string; taxId: string; address: string; repName: string; repPosition: string; repPhone: string; repEmail: string; contactName: string; contactPhone: strin...'. Two different types with this name exist, but they are unrelated.
  The types of '_options.resolver' are incompatible between these types.
    Type 'import("C:/Users/Admin/.gemini/antigravity/playground/triple-disk/pgl-audit-system/node_modules/react-hook-form/dist/types/resolvers").Resolver<{ companyInfo: { nameVn: string; taxId: string; address: string; repName: string; repPosition: string; repPhone: string; repEmail: string; contactName: string; contactPhone:...' is not assignable to type 'import("C:/Users/Admin/.gemini/antigravity/playground/triple-disk/pgl-audit-system/node_modules/react-hook-form/dist/types/resolvers").Resolver<{ companyInfo: { nameVn: string; taxId: string; address: string; repName: string; repPosition: string; repPhone: string; repEmail: string; contactName: string; contactPhone:...'. Two different types with this name exist, but they are unrelated.
      Type 'import("C:/Users/Admin/.gemini/antigravity/playground/triple-disk/pgl-audit-system/node_modules/react-hook-form/dist/types/resolvers").Resolver<{ companyInfo: { nameVn: string; taxId: string; address: string; repName: string; repPosition: string; repPhone: string; repEmail: string; contactName: string; contactPhone:...' is not assignable to type 'import("C:/Users/Admin/.gemini/antigravity/playground/triple-disk/pgl-audit-system/node_modules/react-hook-form/dist/types/resolvers").Resolver<{ companyInfo: { nameVn: string; taxId: string; address: string; repName: string; repPosition: string; repPhone: string; repEmail: string; contactName: string; contactPhone:...'. Two different types with this name exist, but they are unrelated.
        Type 'import("C:/Users/Admin/.gemini/antigravity/playground/triple-disk/pgl-audit-system/node_modules/react-hook-form/dist/types/resolvers").ResolverResult<{ companyInfo: { nameVn: string; taxId: string; address: string; repName: string; repPosition: string; repPhone: string; repEmail: string; contactName: string; contact...' is not assignable to type 'import("C:/Users/Admin/.gemini/antigravity/playground/triple-disk/pgl-audit-system/node_modules/react-hook-form/dist/types/resolvers").ResolverResult<{ companyInfo: { nameVn: string; taxId: string; address: string; repName: string; repPosition: string; repPhone: string; repEmail: string; contactName: string; contact...'. Two different types with this name exist, but they are unrelated.
          Type 'ResolverSuccess<TFieldValues>' is not assignable to type 'ResolverResult<{ companyInfo: { nameVn: string; taxId: string; address: string; repName: string; repPosition: string; repPhone: string; repEmail: string; contactName: string; contactPhone: string; contactEmail: string; ... 8 more ...; shifts?: { ...; } | undefined; }; ... 8 more ...; attachments?: { ...; }[] | undef...'.
            Type 'ResolverSuccess<TFieldValues>' is not assignable to type 'ResolverSuccess<{ companyInfo: { nameVn: string; taxId: string; address: string; repName: string; repPosition: string; repPhone: string; repEmail: string; contactName: string; contactPhone: string; contactEmail: string; ... 8 more ...; shifts?: { ...; } | undefined; }; ... 8 more ...; attachments?: { ...; }[] | unde...'.
              Type 'TFieldValues' is not assignable to type '{ companyInfo: { nameVn: string; taxId: string; address: string; repName: string; repPosition: string; repPhone: string; repEmail: string; contactName: string; contactPhone: string; contactEmail: string; ... 8 more ...; shifts?: { ...; } | undefined; }; ... 8 more ...; attachments?: { ...; }[] | undefined; }'.
                Type 'FieldValues' is missing the following properties from type '{ companyInfo: { nameVn: string; taxId: string; address: string; repName: string; repPosition: string; repPhone: string; repEmail: string; contactName: string; contactPhone: string; contactEmail: string; ... 8 more ...; shifts?: { ...; } | undefined; }; ... 8 more ...; attachments?: { ...; }[] | undefined; }': companyInfo, products, hasOutsourcedProcess, hasOtherSystems, status
src/components/audit/application-form.tsx(485,52): error TS2719: Type 'import("C:/Users/Admin/.gemini/antigravity/playground/triple-disk/pgl-audit-system/node_modules/react-hook-form/dist/types/form").Control<{ companyInfo: { nameVn: string; taxId: string; address: string; repName: string; repPosition: string; repPhone: string; repEmail: string; contactName: string; contactPhone: strin...' is not assignable to type 'import("C:/Users/Admin/.gemini/antigravity/playground/triple-disk/pgl-audit-system/node_modules/react-hook-form/dist/types/form").Control<{ companyInfo: { nameVn: string; taxId: string; address: string; repName: string; repPosition: string; repPhone: string; repEmail: string; contactName: string; contactPhone: strin...'. Two different types with this name exist, but they are unrelated.
  The types of '_options.resolver' are incompatible between these types.
    Type 'import("C:/Users/Admin/.gemini/antigravity/playground/triple-disk/pgl-audit-system/node_modules/react-hook-form/dist/types/resolvers").Resolver<{ companyInfo: { nameVn: string; taxId: string; address: string; repName: string; repPosition: string; repPhone: string; repEmail: string; contactName: string; contactPhone:...' is not assignable to type 'import("C:/Users/Admin/.gemini/antigravity/playground/triple-disk/pgl-audit-system/node_modules/react-hook-form/dist/types/resolvers").Resolver<{ companyInfo: { nameVn: string; taxId: string; address: string; repName: string; repPosition: string; repPhone: string; repEmail: string; contactName: string; contactPhone:...'. Two different types with this name exist, but they are unrelated.
      Type 'import("C:/Users/Admin/.gemini/antigravity/playground/triple-disk/pgl-audit-system/node_modules/react-hook-form/dist/types/resolvers").Resolver<{ companyInfo: { nameVn: string; taxId: string; address: string; repName: string; repPosition: string; repPhone: string; repEmail: string; contactName: string; contactPhone:...' is not assignable to type 'import("C:/Users/Admin/.gemini/antigravity/playground/triple-disk/pgl-audit-system/node_modules/react-hook-form/dist/types/resolvers").Resolver<{ companyInfo: { nameVn: string; taxId: string; address: string; repName: string; repPosition: string; repPhone: string; repEmail: string; contactName: string; contactPhone:...'. Two different types with this name exist, but they are unrelated.
        Type 'import("C:/Users/Admin/.gemini/antigravity/playground/triple-disk/pgl-audit-system/node_modules/react-hook-form/dist/types/resolvers").ResolverResult<{ companyInfo: { nameVn: string; taxId: string; address: string; repName: string; repPosition: string; repPhone: string; repEmail: string; contactName: string; contact...' is not assignable to type 'import("C:/Users/Admin/.gemini/antigravity/playground/triple-disk/pgl-audit-system/node_modules/react-hook-form/dist/types/resolvers").ResolverResult<{ companyInfo: { nameVn: string; taxId: string; address: string; repName: string; repPosition: string; repPhone: string; repEmail: string; contactName: string; contact...'. Two different types with this name exist, but they are unrelated.
          Type 'ResolverSuccess<TFieldValues>' is not assignable to type 'ResolverResult<{ companyInfo: { nameVn: string; taxId: string; address: string; repName: string; repPosition: string; repPhone: string; repEmail: string; contactName: string; contactPhone: string; contactEmail: string; ... 8 more ...; shifts?: { ...; } | undefined; }; ... 8 more ...; attachments?: { ...; }[] | undef...'.
            Type 'ResolverSuccess<TFieldValues>' is not assignable to type 'ResolverSuccess<{ companyInfo: { nameVn: string; taxId: string; address: string; repName: string; repPosition: string; repPhone: string; repEmail: string; contactName: string; contactPhone: string; contactEmail: string; ... 8 more ...; shifts?: { ...; } | undefined; }; ... 8 more ...; attachments?: { ...; }[] | unde...'.
              Type 'TFieldValues' is not assignable to type '{ companyInfo: { nameVn: string; taxId: string; address: string; repName: string; repPosition: string; repPhone: string; repEmail: string; contactName: string; contactPhone: string; contactEmail: string; ... 8 more ...; shifts?: { ...; } | undefined; }; ... 8 more ...; attachments?: { ...; }[] | undefined; }'.
                Type 'FieldValues' is missing the following properties from type '{ companyInfo: { nameVn: string; taxId: string; address: string; repName: string; repPosition: string; repPhone: string; repEmail: string; contactName: string; contactPhone: string; contactEmail: string; ... 8 more ...; shifts?: { ...; } | undefined; }; ... 8 more ...; attachments?: { ...; }[] | undefined; }': companyInfo, products, hasOutsourcedProcess, hasOtherSystems, status
src/components/audit/application-form.tsx(494,40): error TS2719: Type 'import("C:/Users/Admin/.gemini/antigravity/playground/triple-disk/pgl-audit-system/node_modules/react-hook-form/dist/types/form").Control<{ companyInfo: { nameVn: string; taxId: string; address: string; repName: string; repPosition: string; repPhone: string; repEmail: string; contactName: string; contactPhone: strin...' is not assignable to type 'import("C:/Users/Admin/.gemini/antigravity/playground/triple-disk/pgl-audit-system/node_modules/react-hook-form/dist/types/form").Control<{ companyInfo: { nameVn: string; taxId: string; address: string; repName: string; repPosition: string; repPhone: string; repEmail: string; contactName: string; contactPhone: strin...'. Two different types with this name exist, but they are unrelated.
  The types of '_options.resolver' are incompatible between these types.
    Type 'import("C:/Users/Admin/.gemini/antigravity/playground/triple-disk/pgl-audit-system/node_modules/react-hook-form/dist/types/resolvers").Resolver<{ companyInfo: { nameVn: string; taxId: string; address: string; repName: string; repPosition: string; repPhone: string; repEmail: string; contactName: string; contactPhone:...' is not assignable to type 'import("C:/Users/Admin/.gemini/antigravity/playground/triple-disk/pgl-audit-system/node_modules/react-hook-form/dist/types/resolvers").Resolver<{ companyInfo: { nameVn: string; taxId: string; address: string; repName: string; repPosition: string; repPhone: string; repEmail: string; contactName: string; contactPhone:...'. Two different types with this name exist, but they are unrelated.
      Type 'import("C:/Users/Admin/.gemini/antigravity/playground/triple-disk/pgl-audit-system/node_modules/react-hook-form/dist/types/resolvers").Resolver<{ companyInfo: { nameVn: string; taxId: string; address: string; repName: string; repPosition: string; repPhone: string; repEmail: string; contactName: string; contactPhone:...' is not assignable to type 'import("C:/Users/Admin/.gemini/antigravity/playground/triple-disk/pgl-audit-system/node_modules/react-hook-form/dist/types/resolvers").Resolver<{ companyInfo: { nameVn: string; taxId: string; address: string; repName: string; repPosition: string; repPhone: string; repEmail: string; contactName: string; contactPhone:...'. Two different types with this name exist, but they are unrelated.
        Type 'import("C:/Users/Admin/.gemini/antigravity/playground/triple-disk/pgl-audit-system/node_modules/react-hook-form/dist/types/resolvers").ResolverResult<{ companyInfo: { nameVn: string; taxId: string; address: string; repName: string; repPosition: string; repPhone: string; repEmail: string; contactName: string; contact...' is not assignable to type 'import("C:/Users/Admin/.gemini/antigravity/playground/triple-disk/pgl-audit-system/node_modules/react-hook-form/dist/types/resolvers").ResolverResult<{ companyInfo: { nameVn: string; taxId: string; address: string; repName: string; repPosition: string; repPhone: string; repEmail: string; contactName: string; contact...'. Two different types with this name exist, but they are unrelated.
          Type 'ResolverSuccess<TFieldValues>' is not assignable to type 'ResolverResult<{ companyInfo: { nameVn: string; taxId: string; address: string; repName: string; repPosition: string; repPhone: string; repEmail: string; contactName: string; contactPhone: string; contactEmail: string; ... 8 more ...; shifts?: { ...; } | undefined; }; ... 8 more ...; attachments?: { ...; }[] | undef...'.
            Type 'ResolverSuccess<TFieldValues>' is not assignable to type 'ResolverSuccess<{ companyInfo: { nameVn: string; taxId: string; address: string; repName: string; repPosition: string; repPhone: string; repEmail: string; contactName: string; contactPhone: string; contactEmail: string; ... 8 more ...; shifts?: { ...; } | undefined; }; ... 8 more ...; attachments?: { ...; }[] | unde...'.
              Type 'TFieldValues' is not assignable to type '{ companyInfo: { nameVn: string; taxId: string; address: string; repName: string; repPosition: string; repPhone: string; repEmail: string; contactName: string; contactPhone: string; contactEmail: string; ... 8 more ...; shifts?: { ...; } | undefined; }; ... 8 more ...; attachments?: { ...; }[] | undefined; }'.
                Type 'FieldValues' is missing the following properties from type '{ companyInfo: { nameVn: string; taxId: string; address: string; repName: string; repPosition: string; repPhone: string; repEmail: string; contactName: string; contactPhone: string; contactEmail: string; ... 8 more ...; shifts?: { ...; } | undefined; }; ... 8 more ...; attachments?: { ...; }[] | undefined; }': companyInfo, products, hasOutsourcedProcess, hasOtherSystems, status
src/components/audit/application-form.tsx(505,48): error TS2719: Type 'import("C:/Users/Admin/.gemini/antigravity/playground/triple-disk/pgl-audit-system/node_modules/react-hook-form/dist/types/form").Control<{ companyInfo: { nameVn: string; taxId: string; address: string; repName: string; repPosition: string; repPhone: string; repEmail: string; contactName: string; contactPhone: strin...' is not assignable to type 'import("C:/Users/Admin/.gemini/antigravity/playground/triple-disk/pgl-audit-system/node_modules/react-hook-form/dist/types/form").Control<{ companyInfo: { nameVn: string; taxId: string; address: string; repName: string; repPosition: string; repPhone: string; repEmail: string; contactName: string; contactPhone: strin...'. Two different types with this name exist, but they are unrelated.
  The types of '_options.resolver' are incompatible between these types.
    Type 'import("C:/Users/Admin/.gemini/antigravity/playground/triple-disk/pgl-audit-system/node_modules/react-hook-form/dist/types/resolvers").Resolver<{ companyInfo: { nameVn: string; taxId: string; address: string; repName: string; repPosition: string; repPhone: string; repEmail: string; contactName: string; contactPhone:...' is not assignable to type 'import("C:/Users/Admin/.gemini/antigravity/playground/triple-disk/pgl-audit-system/node_modules/react-hook-form/dist/types/resolvers").Resolver<{ companyInfo: { nameVn: string; taxId: string; address: string; repName: string; repPosition: string; repPhone: string; repEmail: string; contactName: string; contactPhone:...'. Two different types with this name exist, but they are unrelated.
      Type 'import("C:/Users/Admin/.gemini/antigravity/playground/triple-disk/pgl-audit-system/node_modules/react-hook-form/dist/types/resolvers").Resolver<{ companyInfo: { nameVn: string; taxId: string; address: string; repName: string; repPosition: string; repPhone: string; repEmail: string; contactName: string; contactPhone:...' is not assignable to type 'import("C:/Users/Admin/.gemini/antigravity/playground/triple-disk/pgl-audit-system/node_modules/react-hook-form/dist/types/resolvers").Resolver<{ companyInfo: { nameVn: string; taxId: string; address: string; repName: string; repPosition: string; repPhone: string; repEmail: string; contactName: string; contactPhone:...'. Two different types with this name exist, but they are unrelated.
        Type 'import("C:/Users/Admin/.gemini/antigravity/playground/triple-disk/pgl-audit-system/node_modules/react-hook-form/dist/types/resolvers").ResolverResult<{ companyInfo: { nameVn: string; taxId: string; address: string; repName: string; repPosition: string; repPhone: string; repEmail: string; contactName: string; contact...' is not assignable to type 'import("C:/Users/Admin/.gemini/antigravity/playground/triple-disk/pgl-audit-system/node_modules/react-hook-form/dist/types/resolvers").ResolverResult<{ companyInfo: { nameVn: string; taxId: string; address: string; repName: string; repPosition: string; repPhone: string; repEmail: string; contactName: string; contact...'. Two different types with this name exist, but they are unrelated.
          Type 'ResolverSuccess<TFieldValues>' is not assignable to type 'ResolverResult<{ companyInfo: { nameVn: string; taxId: string; address: string; repName: string; repPosition: string; repPhone: string; repEmail: string; contactName: string; contactPhone: string; contactEmail: string; ... 8 more ...; shifts?: { ...; } | undefined; }; ... 8 more ...; attachments?: { ...; }[] | undef...'.
            Type 'ResolverSuccess<TFieldValues>' is not assignable to type 'ResolverSuccess<{ companyInfo: { nameVn: string; taxId: string; address: string; repName: string; repPosition: string; repPhone: string; repEmail: string; contactName: string; contactPhone: string; contactEmail: string; ... 8 more ...; shifts?: { ...; } | undefined; }; ... 8 more ...; attachments?: { ...; }[] | unde...'.
              Type 'TFieldValues' is not assignable to type '{ companyInfo: { nameVn: string; taxId: string; address: string; repName: string; repPosition: string; repPhone: string; repEmail: string; contactName: string; contactPhone: string; contactEmail: string; ... 8 more ...; shifts?: { ...; } | undefined; }; ... 8 more ...; attachments?: { ...; }[] | undefined; }'.
                Type 'FieldValues' is missing the following properties from type '{ companyInfo: { nameVn: string; taxId: string; address: string; repName: string; repPosition: string; repPhone: string; repEmail: string; contactName: string; contactPhone: string; contactEmail: string; ... 8 more ...; shifts?: { ...; } | undefined; }; ... 8 more ...; attachments?: { ...; }[] | undefined; }': companyInfo, products, hasOutsourcedProcess, hasOtherSystems, status
src/components/audit/application-form.tsx(512,52): error TS2719: Type 'import("C:/Users/Admin/.gemini/antigravity/playground/triple-disk/pgl-audit-system/node_modules/react-hook-form/dist/types/form").Control<{ companyInfo: { nameVn: string; taxId: string; address: string; repName: string; repPosition: string; repPhone: string; repEmail: string; contactName: string; contactPhone: strin...' is not assignable to type 'import("C:/Users/Admin/.gemini/antigravity/playground/triple-disk/pgl-audit-system/node_modules/react-hook-form/dist/types/form").Control<{ companyInfo: { nameVn: string; taxId: string; address: string; repName: string; repPosition: string; repPhone: string; repEmail: string; contactName: string; contactPhone: strin...'. Two different types with this name exist, but they are unrelated.
  The types of '_options.resolver' are incompatible between these types.
    Type 'import("C:/Users/Admin/.gemini/antigravity/playground/triple-disk/pgl-audit-system/node_modules/react-hook-form/dist/types/resolvers").Resolver<{ companyInfo: { nameVn: string; taxId: string; address: string; repName: string; repPosition: string; repPhone: string; repEmail: string; contactName: string; contactPhone:...' is not assignable to type 'import("C:/Users/Admin/.gemini/antigravity/playground/triple-disk/pgl-audit-system/node_modules/react-hook-form/dist/types/resolvers").Resolver<{ companyInfo: { nameVn: string; taxId: string; address: string; repName: string; repPosition: string; repPhone: string; repEmail: string; contactName: string; contactPhone:...'. Two different types with this name exist, but they are unrelated.
      Type 'import("C:/Users/Admin/.gemini/antigravity/playground/triple-disk/pgl-audit-system/node_modules/react-hook-form/dist/types/resolvers").Resolver<{ companyInfo: { nameVn: string; taxId: string; address: string; repName: string; repPosition: string; repPhone: string; repEmail: string; contactName: string; contactPhone:...' is not assignable to type 'import("C:/Users/Admin/.gemini/antigravity/playground/triple-disk/pgl-audit-system/node_modules/react-hook-form/dist/types/resolvers").Resolver<{ companyInfo: { nameVn: string; taxId: string; address: string; repName: string; repPosition: string; repPhone: string; repEmail: string; contactName: string; contactPhone:...'. Two different types with this name exist, but they are unrelated.
        Type 'import("C:/Users/Admin/.gemini/antigravity/playground/triple-disk/pgl-audit-system/node_modules/react-hook-form/dist/types/resolvers").ResolverResult<{ companyInfo: { nameVn: string; taxId: string; address: string; repName: string; repPosition: string; repPhone: string; repEmail: string; contactName: string; contact...' is not assignable to type 'import("C:/Users/Admin/.gemini/antigravity/playground/triple-disk/pgl-audit-system/node_modules/react-hook-form/dist/types/resolvers").ResolverResult<{ companyInfo: { nameVn: string; taxId: string; address: string; repName: string; repPosition: string; repPhone: string; repEmail: string; contactName: string; contact...'. Two different types with this name exist, but they are unrelated.
          Type 'ResolverSuccess<TFieldValues>' is not assignable to type 'ResolverResult<{ companyInfo: { nameVn: string; taxId: string; address: string; repName: string; repPosition: string; repPhone: string; repEmail: string; contactName: string; contactPhone: string; contactEmail: string; ... 8 more ...; shifts?: { ...; } | undefined; }; ... 8 more ...; attachments?: { ...; }[] | undef...'.
            Type 'ResolverSuccess<TFieldValues>' is not assignable to type 'ResolverSuccess<{ companyInfo: { nameVn: string; taxId: string; address: string; repName: string; repPosition: string; repPhone: string; repEmail: string; contactName: string; contactPhone: string; contactEmail: string; ... 8 more ...; shifts?: { ...; } | undefined; }; ... 8 more ...; attachments?: { ...; }[] | unde...'.
              Type 'TFieldValues' is not assignable to type '{ companyInfo: { nameVn: string; taxId: string; address: string; repName: string; repPosition: string; repPhone: string; repEmail: string; contactName: string; contactPhone: string; contactEmail: string; ... 8 more ...; shifts?: { ...; } | undefined; }; ... 8 more ...; attachments?: { ...; }[] | undefined; }'.
                Type 'FieldValues' is missing the following properties from type '{ companyInfo: { nameVn: string; taxId: string; address: string; repName: string; repPosition: string; repPhone: string; repEmail: string; contactName: string; contactPhone: string; contactEmail: string; ... 8 more ...; shifts?: { ...; } | undefined; }; ... 8 more ...; attachments?: { ...; }[] | undefined; }': companyInfo, products, hasOutsourcedProcess, hasOtherSystems, status
src/components/audit/application-form.tsx(534,37): error TS2719: Type 'import("C:/Users/Admin/.gemini/antigravity/playground/triple-disk/pgl-audit-system/node_modules/react-hook-form/dist/types/form").Control<{ companyInfo: { nameVn: string; taxId: string; address: string; repName: string; repPosition: string; repPhone: string; repEmail: string; contactName: string; contactPhone: strin...' is not assignable to type 'import("C:/Users/Admin/.gemini/antigravity/playground/triple-disk/pgl-audit-system/node_modules/react-hook-form/dist/types/form").Control<{ companyInfo: { nameVn: string; taxId: string; address: string; repName: string; repPosition: string; repPhone: string; repEmail: string; contactName: string; contactPhone: strin...'. Two different types with this name exist, but they are unrelated.
  The types of '_options.resolver' are incompatible between these types.
    Type 'import("C:/Users/Admin/.gemini/antigravity/playground/triple-disk/pgl-audit-system/node_modules/react-hook-form/dist/types/resolvers").Resolver<{ companyInfo: { nameVn: string; taxId: string; address: string; repName: string; repPosition: string; repPhone: string; repEmail: string; contactName: string; contactPhone:...' is not assignable to type 'import("C:/Users/Admin/.gemini/antigravity/playground/triple-disk/pgl-audit-system/node_modules/react-hook-form/dist/types/resolvers").Resolver<{ companyInfo: { nameVn: string; taxId: string; address: string; repName: string; repPosition: string; repPhone: string; repEmail: string; contactName: string; contactPhone:...'. Two different types with this name exist, but they are unrelated.
      Type 'import("C:/Users/Admin/.gemini/antigravity/playground/triple-disk/pgl-audit-system/node_modules/react-hook-form/dist/types/resolvers").Resolver<{ companyInfo: { nameVn: string; taxId: string; address: string; repName: string; repPosition: string; repPhone: string; repEmail: string; contactName: string; contactPhone:...' is not assignable to type 'import("C:/Users/Admin/.gemini/antigravity/playground/triple-disk/pgl-audit-system/node_modules/react-hook-form/dist/types/resolvers").Resolver<{ companyInfo: { nameVn: string; taxId: string; address: string; repName: string; repPosition: string; repPhone: string; repEmail: string; contactName: string; contactPhone:...'. Two different types with this name exist, but they are unrelated.
        Type 'import("C:/Users/Admin/.gemini/antigravity/playground/triple-disk/pgl-audit-system/node_modules/react-hook-form/dist/types/resolvers").ResolverResult<{ companyInfo: { nameVn: string; taxId: string; address: string; repName: string; repPosition: string; repPhone: string; repEmail: string; contactName: string; contact...' is not assignable to type 'import("C:/Users/Admin/.gemini/antigravity/playground/triple-disk/pgl-audit-system/node_modules/react-hook-form/dist/types/resolvers").ResolverResult<{ companyInfo: { nameVn: string; taxId: string; address: string; repName: string; repPosition: string; repPhone: string; repEmail: string; contactName: string; contact...'. Two different types with this name exist, but they are unrelated.
          Type 'ResolverSuccess<TFieldValues>' is not assignable to type 'ResolverResult<{ companyInfo: { nameVn: string; taxId: string; address: string; repName: string; repPosition: string; repPhone: string; repEmail: string; contactName: string; contactPhone: string; contactEmail: string; ... 8 more ...; shifts?: { ...; } | undefined; }; ... 8 more ...; attachments?: { ...; }[] | undef...'.
            Type 'ResolverSuccess<TFieldValues>' is not assignable to type 'ResolverSuccess<{ companyInfo: { nameVn: string; taxId: string; address: string; repName: string; repPosition: string; repPhone: string; repEmail: string; contactName: string; contactPhone: string; contactEmail: string; ... 8 more ...; shifts?: { ...; } | undefined; }; ... 8 more ...; attachments?: { ...; }[] | unde...'.
              Type 'TFieldValues' is not assignable to type '{ companyInfo: { nameVn: string; taxId: string; address: string; repName: string; repPosition: string; repPhone: string; repEmail: string; contactName: string; contactPhone: string; contactEmail: string; ... 8 more ...; shifts?: { ...; } | undefined; }; ... 8 more ...; attachments?: { ...; }[] | undefined; }'.
                Type 'FieldValues' is missing the following properties from type '{ companyInfo: { nameVn: string; taxId: string; address: string; repName: string; repPosition: string; repPhone: string; repEmail: string; contactName: string; contactPhone: string; contactEmail: string; ... 8 more ...; shifts?: { ...; } | undefined; }; ... 8 more ...; attachments?: { ...; }[] | undefined; }': companyInfo, products, hasOutsourcedProcess, hasOtherSystems, status
src/components/audit/document-review-board.tsx(73,52): error TS2304: Cannot find name 'handleComplete'.
src/components/audit/document-review-board.tsx(142,106): error TS2339: Property 'id' does not exist on type '{ category: string; items: { id: string; label: string; required: boolean; }[]; }'.
src/components/audit/document-review-board.tsx(163,94): error TS2339: Property 'id' does not exist on type '{ category: string; items: { id: string; label: string; required: boolean; }[]; }'.
src/components/audits/review-list.tsx(9,10): error TS2724: '"@/lib/actions/review"' has no exported member named 'submitDocumentReview'. Did you mean 'saveDocumentReview'?
src/components/dossier/dossier-list.tsx(4,30): error TS2307: Cannot find module '@/utils/supabase/client' or its corresponding type declarations.
src/components/dossier/dossier-upload.tsx(4,30): error TS2307: Cannot find module '@/utils/supabase/client' or its corresponding type declarations.
src/lib/supabase/middleware.ts(11,5): error TS2304: Cannot find name 'constsupabase'.
src/lib/supabase/middleware.ts(31,15): error TS2304: Cannot find name 'supabase'.
